由于文件 (符号) 而包含了归档成员

/home/leizhanyao/develop/pok_homework/pok_homework/examples/test_rr_dyna/pr2/../../..//libpok/libpok.a(arch.lo)
                              main.o (pok_do_syscall)
/home/leizhanyao/develop/pok_homework/pok_homework/examples/test_rr_dyna/pr2/../../..//libpok/libpok.a(core.lo)
                              main.o (pok_thread_create)
/home/leizhanyao/develop/pok_homework/pok_homework/examples/test_rr_dyna/pr2/../../..//libpok/libpok.a(libc.lo)
                              main.o (printf)

分配公共符号
公共符号            大小              文件

pok_allocator_memspace
                    0x8000            /home/leizhanyao/develop/pok_homework/pok_homework/examples/test_rr_dyna/pr2/../../..//libpok/libpok.a(core.lo)
errno               0x4               /home/leizhanyao/develop/pok_homework/pok_homework/examples/test_rr_dyna/pr2/../../..//libpok/libpok.a(core.lo)
pok_allocator_spaces
                    0x4b0             /home/leizhanyao/develop/pok_homework/pok_homework/examples/test_rr_dyna/pr2/../../..//libpok/libpok.a(core.lo)

内存配置

名称           来源             长度             属性
*default*        0x0000000000000000 0xffffffffffffffff

链结器命令稿和内存映射

                0x0000000000000000                . = 0x0
                0x0000000000000000                __partition_begin = .

.text           0x0000000000000000     0x1283
 *(.text)
 .text          0x0000000000000000      0x1a2 main.o
                0x0000000000000000                fake_rand
                0x000000000000003d                main
 .text          0x00000000000001a2       0x48 activity.o
                0x00000000000001a2                pinger_job
                0x00000000000001c6                pinger_job2
 .text          0x00000000000001ea       0x14 /home/leizhanyao/develop/pok_homework/pok_homework/examples/test_rr_dyna/pr2/../../..//libpok/libpok.a(arch.lo)
                0x00000000000001ea                pok_arch_idle
                0x00000000000001ed                pok_do_syscall
 .text          0x00000000000001fe      0x7f8 /home/leizhanyao/develop/pok_homework/pok_homework/examples/test_rr_dyna/pr2/../../..//libpok/libpok.a(core.lo)
                0x00000000000001fe                pok_allocator_print_spaces
                0x0000000000000256                pok_allocator_allocate
                0x0000000000000431                pok_allocator_delete_space
                0x000000000000047f                pok_allocator_merge_space
                0x0000000000000545                pok_allocator_free
                0x0000000000000635                pok_time_gettick
                0x0000000000000678                pok_time_get
                0x0000000000000688                __pok_partition_start
                0x0000000000000699                pok_sem_create
                0x000000000000070d                pok_sem_signal
                0x0000000000000767                pok_sem_status
                0x000000000000076d                pok_sem_wait
                0x00000000000007d7                pok_thread_create
                0x000000000000081a                pok_thread_attr_init
                0x0000000000000864                pok_thread_period
                0x00000000000008a7                pok_thread_sleep
                0x00000000000008ea                pok_thread_status
                0x000000000000092d                pok_thread_delayed_start
                0x0000000000000970                pok_thread_set_priority
                0x00000000000009b3                pok_thread_resume
 .text          0x00000000000009f6      0x88d /home/leizhanyao/develop/pok_homework/pok_homework/examples/test_rr_dyna/pr2/../../..//libpok/libpok.a(libc.lo)
                0x0000000000000caa                vprintf
                0x0000000000000e07                printf
                0x0000000000000e1f                itoa
                0x0000000000000ebc                atoi
                0x0000000000000f01                memcpy
                0x0000000000000f29                memset
                0x0000000000000f4b                memcmp
                0x0000000000000f9a                strcmp
                0x0000000000000fdc                strncmp
                0x0000000000001038                strcpy
                0x0000000000001068                strncpy
                0x00000000000010a2                streq
                0x000000000000113a                strlen
                0x0000000000001159                __udivdi3
                0x0000000000001201                __umoddi3
                0x000000000000121d                rand
                0x000000000000124d                free
                0x000000000000125d                malloc
                0x000000000000126d                calloc

.iplt           0x0000000000001290        0x0
 .iplt          0x0000000000001290        0x0 main.o

.rodata         0x00000000000012a0       0x7d
 *(.rodata)
 .rodata        0x00000000000012a0       0x7d /home/leizhanyao/develop/pok_homework/pok_homework/examples/test_rr_dyna/pr2/../../..//libpok/libpok.a(libc.lo)

.rodata.str1.4  0x0000000000001320      0x294
 .rodata.str1.4
                0x0000000000001320       0x66 main.o
 *fill*         0x0000000000001386        0x2 
 .rodata.str1.4
                0x0000000000001388      0x22c /home/leizhanyao/develop/pok_homework/pok_homework/examples/test_rr_dyna/pr2/../../..//libpok/libpok.a(core.lo)
                                        0x22b (松开之前的大小)

.eh_frame       0x00000000000015b4      0x88c
 .eh_frame      0x00000000000015b4       0x68 main.o
 .eh_frame      0x000000000000161c       0x50 activity.o
                                         0x68 (松开之前的大小)
 .eh_frame      0x000000000000166c       0x30 /home/leizhanyao/develop/pok_homework/pok_homework/examples/test_rr_dyna/pr2/../../..//libpok/libpok.a(arch.lo)
                                         0x60 (松开之前的大小)
 .eh_frame      0x000000000000169c      0x350 /home/leizhanyao/develop/pok_homework/pok_homework/examples/test_rr_dyna/pr2/../../..//libpok/libpok.a(core.lo)
                                        0x4b8 (松开之前的大小)
 .eh_frame      0x00000000000019ec      0x454 /home/leizhanyao/develop/pok_homework/pok_homework/examples/test_rr_dyna/pr2/../../..//libpok/libpok.a(libc.lo)
                                        0x5d4 (松开之前的大小)

.rodata.str1.1  0x0000000000001e40       0x2c
 .rodata.str1.1
                0x0000000000001e40       0x2c activity.o

.rel.dyn        0x0000000000001e6c        0x0
 .rel.iplt      0x0000000000001e6c        0x0 main.o
 .rel.text      0x0000000000001e6c        0x0 main.o

.data           0x0000000000001e80     0x8590
 *(.data)
 .data          0x0000000000001e80        0x0 main.o
 .data          0x0000000000001e80        0x0 activity.o
 .data          0x0000000000001e80        0x0 /home/leizhanyao/develop/pok_homework/pok_homework/examples/test_rr_dyna/pr2/../../..//libpok/libpok.a(arch.lo)
 .data          0x0000000000001e80        0x0 /home/leizhanyao/develop/pok_homework/pok_homework/examples/test_rr_dyna/pr2/../../..//libpok/libpok.a(core.lo)
 .data          0x0000000000001e80        0x4 /home/leizhanyao/develop/pok_homework/pok_homework/examples/test_rr_dyna/pr2/../../..//libpok/libpok.a(libc.lo)
 *(.bss)
 .bss           0x0000000000001e84        0x0 main.o
 .bss           0x0000000000001e84        0x0 activity.o
 .bss           0x0000000000001e84        0x0 /home/leizhanyao/develop/pok_homework/pok_homework/examples/test_rr_dyna/pr2/../../..//libpok/libpok.a(arch.lo)
 .bss           0x0000000000001e84        0x8 /home/leizhanyao/develop/pok_homework/pok_homework/examples/test_rr_dyna/pr2/../../..//libpok/libpok.a(core.lo)
                0x0000000000001e84                pok_allocator_initialized
                0x0000000000001e88                pok_allocator_used_spaces
 *fill*         0x0000000000001e8c       0x14 
 .bss           0x0000000000001ea0       0x84 /home/leizhanyao/develop/pok_homework/pok_homework/examples/test_rr_dyna/pr2/../../..//libpok/libpok.a(libc.lo)
 *(COMMON)
 *fill*         0x0000000000001f24       0x1c 
 COMMON         0x0000000000001f40     0x84d0 /home/leizhanyao/develop/pok_homework/pok_homework/examples/test_rr_dyna/pr2/../../..//libpok/libpok.a(core.lo)
                0x0000000000001f40                pok_allocator_memspace
                0x0000000000009f40                errno
                0x0000000000009f60                pok_allocator_spaces
                0x000000000000a410                __partition_end = .
LOAD main.o
LOAD activity.o
LOAD /home/leizhanyao/develop/pok_homework/pok_homework/examples/test_rr_dyna/pr2/../../..//libpok/libpok.a
LOAD /home/leizhanyao/develop/pok_homework/pok_homework/examples/test_rr_dyna/pr2/../../..//libpok//libpok.a
OUTPUT(pr2.elf elf32-i386)

.igot.plt       0x000000000000a410        0x0
 .igot.plt      0x000000000000a410        0x0 main.o

.debug_info     0x0000000000000000     0x49be
 .debug_info    0x0000000000000000      0x3b4 main.o
 .debug_info    0x00000000000003b4       0xd5 activity.o
 .debug_info    0x0000000000000489      0x322 /home/leizhanyao/develop/pok_homework/pok_homework/examples/test_rr_dyna/pr2/../../..//libpok/libpok.a(arch.lo)
 .debug_info    0x00000000000007ab     0x2c3d /home/leizhanyao/develop/pok_homework/pok_homework/examples/test_rr_dyna/pr2/../../..//libpok/libpok.a(core.lo)
 .debug_info    0x00000000000033e8     0x15d6 /home/leizhanyao/develop/pok_homework/pok_homework/examples/test_rr_dyna/pr2/../../..//libpok/libpok.a(libc.lo)

.debug_abbrev   0x0000000000000000     0x199e
 .debug_abbrev  0x0000000000000000      0x130 main.o
 .debug_abbrev  0x0000000000000130       0x6a activity.o
 .debug_abbrev  0x000000000000019a      0x10b /home/leizhanyao/develop/pok_homework/pok_homework/examples/test_rr_dyna/pr2/../../..//libpok/libpok.a(arch.lo)
 .debug_abbrev  0x00000000000002a5      0xc0e /home/leizhanyao/develop/pok_homework/pok_homework/examples/test_rr_dyna/pr2/../../..//libpok/libpok.a(core.lo)
 .debug_abbrev  0x0000000000000eb3      0xaeb /home/leizhanyao/develop/pok_homework/pok_homework/examples/test_rr_dyna/pr2/../../..//libpok/libpok.a(libc.lo)

.debug_loc      0x0000000000000000     0x102d
 .debug_loc     0x0000000000000000       0x82 main.o
 .debug_loc     0x0000000000000082      0x106 /home/leizhanyao/develop/pok_homework/pok_homework/examples/test_rr_dyna/pr2/../../..//libpok/libpok.a(core.lo)
 .debug_loc     0x0000000000000188      0xea5 /home/leizhanyao/develop/pok_homework/pok_homework/examples/test_rr_dyna/pr2/../../..//libpok/libpok.a(libc.lo)

.debug_aranges  0x0000000000000000      0x490
 .debug_aranges
                0x0000000000000000       0x20 main.o
 .debug_aranges
                0x0000000000000020       0x20 activity.o
 .debug_aranges
                0x0000000000000040       0x40 /home/leizhanyao/develop/pok_homework/pok_homework/examples/test_rr_dyna/pr2/../../..//libpok/libpok.a(arch.lo)
 .debug_aranges
                0x0000000000000080      0x1f8 /home/leizhanyao/develop/pok_homework/pok_homework/examples/test_rr_dyna/pr2/../../..//libpok/libpok.a(core.lo)
 .debug_aranges
                0x0000000000000278      0x218 /home/leizhanyao/develop/pok_homework/pok_homework/examples/test_rr_dyna/pr2/../../..//libpok/libpok.a(libc.lo)

.debug_line     0x0000000000000000     0x27fa
 .debug_line    0x0000000000000000      0x175 main.o
 .debug_line    0x0000000000000175       0xf5 activity.o
 .debug_line    0x000000000000026a      0x1bb /home/leizhanyao/develop/pok_homework/pok_homework/examples/test_rr_dyna/pr2/../../..//libpok/libpok.a(arch.lo)
 .debug_line    0x0000000000000425     0x1389 /home/leizhanyao/develop/pok_homework/pok_homework/examples/test_rr_dyna/pr2/../../..//libpok/libpok.a(core.lo)
 .debug_line    0x00000000000017ae     0x104c /home/leizhanyao/develop/pok_homework/pok_homework/examples/test_rr_dyna/pr2/../../..//libpok/libpok.a(libc.lo)

.debug_str      0x0000000000000000     0x146a
 .debug_str     0x0000000000000000      0x6a4 main.o
                                        0x6ed (松开之前的大小)
 .debug_str     0x00000000000006a4       0x33 activity.o
                                        0x167 (松开之前的大小)
 .debug_str     0x00000000000006d7      0x30d /home/leizhanyao/develop/pok_homework/pok_homework/examples/test_rr_dyna/pr2/../../..//libpok/libpok.a(arch.lo)
                                        0x903 (松开之前的大小)
 .debug_str     0x00000000000009e4      0x6f5 /home/leizhanyao/develop/pok_homework/pok_homework/examples/test_rr_dyna/pr2/../../..//libpok/libpok.a(core.lo)
                                       0x7813 (松开之前的大小)
 .debug_str     0x00000000000010d9      0x391 /home/leizhanyao/develop/pok_homework/pok_homework/examples/test_rr_dyna/pr2/../../..//libpok/libpok.a(libc.lo)
                                       0x1954 (松开之前的大小)

.comment        0x0000000000000000       0x35
 .comment       0x0000000000000000       0x35 main.o
                                         0x36 (松开之前的大小)
 .comment       0x0000000000000035       0x36 activity.o
 .comment       0x0000000000000035       0xd8 /home/leizhanyao/develop/pok_homework/pok_homework/examples/test_rr_dyna/pr2/../../..//libpok/libpok.a(arch.lo)
 .comment       0x0000000000000035      0x798 /home/leizhanyao/develop/pok_homework/pok_homework/examples/test_rr_dyna/pr2/../../..//libpok/libpok.a(core.lo)
 .comment       0x0000000000000035      0x396 /home/leizhanyao/develop/pok_homework/pok_homework/examples/test_rr_dyna/pr2/../../..//libpok/libpok.a(libc.lo)

.note.GNU-stack
                0x0000000000000000        0x0
 .note.GNU-stack
                0x0000000000000000        0x0 main.o
 .note.GNU-stack
                0x0000000000000000        0x0 activity.o
 .note.GNU-stack
                0x0000000000000000        0x0 /home/leizhanyao/develop/pok_homework/pok_homework/examples/test_rr_dyna/pr2/../../..//libpok/libpok.a(arch.lo)
 .note.GNU-stack
                0x0000000000000000        0x0 /home/leizhanyao/develop/pok_homework/pok_homework/examples/test_rr_dyna/pr2/../../..//libpok/libpok.a(core.lo)
 .note.GNU-stack
                0x0000000000000000        0x0 /home/leizhanyao/develop/pok_homework/pok_homework/examples/test_rr_dyna/pr2/../../..//libpok/libpok.a(libc.lo)

.debug_ranges   0x0000000000000000       0x30
 .debug_ranges  0x0000000000000000       0x30 /home/leizhanyao/develop/pok_homework/pok_homework/examples/test_rr_dyna/pr2/../../..//libpok/libpok.a(libc.lo)
