由于文件 (符号) 而包含了归档成员

/home/cpq/cpq/20Fall/pok_homework/examples/test_wrr/pr1/../../..//libpok/libpok.a(arch.lo)
                              main.o (pok_do_syscall)
/home/cpq/cpq/20Fall/pok_homework/examples/test_wrr/pr1/../../..//libpok/libpok.a(core.lo)
                              main.o (pok_sem_create)
/home/cpq/cpq/20Fall/pok_homework/examples/test_wrr/pr1/../../..//libpok/libpok.a(libc.lo)
                              main.o (printf)

Merging program properties


分配公共符号
公共符号            大小              文件

pok_allocator_memspace
                    0x8000            /home/cpq/cpq/20Fall/pok_homework/examples/test_wrr/pr1/../../..//libpok/libpok.a(core.lo)
errno               0x4               /home/cpq/cpq/20Fall/pok_homework/examples/test_wrr/pr1/../../..//libpok/libpok.a(core.lo)
val                 0x2               activity.o
pok_allocator_spaces
                    0x4b0             /home/cpq/cpq/20Fall/pok_homework/examples/test_wrr/pr1/../../..//libpok/libpok.a(core.lo)
sid                 0x2               main.o

舍弃的输入节

 .group         0x0000000000000000        0x8 main.o
 .group         0x0000000000000000        0x8 activity.o
 .text.__x86.get_pc_thunk.bx
                0x0000000000000000        0x4 activity.o
 .note.gnu.property
                0x0000000000000000       0x1c activity.o
 .note.gnu.property
                0x0000000000000000       0x1c /home/cpq/cpq/20Fall/pok_homework/examples/test_wrr/pr1/../../..//libpok/libpok.a(arch.lo)
 .group         0x0000000000000000        0x8 /home/cpq/cpq/20Fall/pok_homework/examples/test_wrr/pr1/../../..//libpok/libpok.a(core.lo)
 .group         0x0000000000000000        0x8 /home/cpq/cpq/20Fall/pok_homework/examples/test_wrr/pr1/../../..//libpok/libpok.a(core.lo)
 .group         0x0000000000000000        0x8 /home/cpq/cpq/20Fall/pok_homework/examples/test_wrr/pr1/../../..//libpok/libpok.a(core.lo)
 .note.gnu.property
                0x0000000000000000       0x1c /home/cpq/cpq/20Fall/pok_homework/examples/test_wrr/pr1/../../..//libpok/libpok.a(core.lo)
 .text.__x86.get_pc_thunk.bx
                0x0000000000000000        0x4 /home/cpq/cpq/20Fall/pok_homework/examples/test_wrr/pr1/../../..//libpok/libpok.a(core.lo)
 .group         0x0000000000000000        0x8 /home/cpq/cpq/20Fall/pok_homework/examples/test_wrr/pr1/../../..//libpok/libpok.a(libc.lo)
 .group         0x0000000000000000        0x8 /home/cpq/cpq/20Fall/pok_homework/examples/test_wrr/pr1/../../..//libpok/libpok.a(libc.lo)
 .group         0x0000000000000000        0x8 /home/cpq/cpq/20Fall/pok_homework/examples/test_wrr/pr1/../../..//libpok/libpok.a(libc.lo)
 .group         0x0000000000000000        0x8 /home/cpq/cpq/20Fall/pok_homework/examples/test_wrr/pr1/../../..//libpok/libpok.a(libc.lo)
 .note.gnu.property
                0x0000000000000000       0x1c /home/cpq/cpq/20Fall/pok_homework/examples/test_wrr/pr1/../../..//libpok/libpok.a(libc.lo)
 .text.__x86.get_pc_thunk.bx
                0x0000000000000000        0x4 /home/cpq/cpq/20Fall/pok_homework/examples/test_wrr/pr1/../../..//libpok/libpok.a(libc.lo)
 .text.__x86.get_pc_thunk.bp
                0x0000000000000000        0x4 /home/cpq/cpq/20Fall/pok_homework/examples/test_wrr/pr1/../../..//libpok/libpok.a(libc.lo)

内存配置

名称           来源             长度             属性
*default*        0x0000000000000000 0xffffffffffffffff

链结器命令稿和内存映射

                0x0000000000000000                . = 0x0
                0x0000000000000000                __partition_begin = .

.text           0x0000000000000000     0x14f0
 *(.text)
 .text          0x0000000000000000      0x128 main.o
                0x0000000000000000                main
 .text          0x0000000000000128       0xcf activity.o
                0x0000000000000128                pinger_job
                0x000000000000017e                pinger_job2
 .text          0x00000000000001f7       0x1c /home/cpq/cpq/20Fall/pok_homework/examples/test_wrr/pr1/../../..//libpok/libpok.a(arch.lo)
                0x00000000000001f7                pok_arch_idle
                0x00000000000001fe                pok_do_syscall
 .text          0x0000000000000213      0x932 /home/cpq/cpq/20Fall/pok_homework/examples/test_wrr/pr1/../../..//libpok/libpok.a(core.lo)
                0x0000000000000213                pok_allocator_print_spaces
                0x0000000000000283                pok_allocator_allocate
                0x0000000000000466                pok_allocator_delete_space
                0x00000000000004ca                pok_allocator_merge_space
                0x00000000000005b3                pok_allocator_free
                0x00000000000006ac                pok_time_gettick
                0x0000000000000700                pok_time_get
                0x0000000000000714                __pok_partition_start
                0x0000000000000736                pok_sem_create
                0x00000000000007bb                pok_sem_signal
                0x0000000000000826                pok_sem_status
                0x0000000000000830                pok_sem_wait
                0x00000000000008ab                pok_thread_create
                0x00000000000008ff                pok_thread_attr_init
                0x000000000000094d                pok_thread_period
                0x00000000000009a1                pok_thread_sleep
                0x00000000000009f5                pok_thread_status
                0x0000000000000a49                pok_thread_delayed_start
                0x0000000000000a9d                pok_thread_set_priority
                0x0000000000000af1                pok_thread_resume
 .text          0x0000000000000b45      0x9ab /home/cpq/cpq/20Fall/pok_homework/examples/test_wrr/pr1/../../..//libpok/libpok.a(libc.lo)
                0x0000000000000e60                vprintf
                0x0000000000000fc6                printf
                0x0000000000000fe2                itoa
                0x00000000000010a7                atoi
                0x00000000000010ee                memcpy
                0x000000000000111e                memset
                0x0000000000001146                memcmp
                0x000000000000118f                strcmp
                0x00000000000011d5                strncmp
                0x0000000000001234                strcpy
                0x000000000000126a                strncpy
                0x000000000000129e                streq
                0x0000000000001336                strlen
                0x0000000000001358                __udivdi3
                0x000000000000141f                __umoddi3
                0x000000000000144c                rand
                0x0000000000001487                free
                0x00000000000014a8                malloc
                0x00000000000014c9                calloc

.text.__x86.get_pc_thunk.bx
                0x00000000000014f0        0x4
 .text.__x86.get_pc_thunk.bx
                0x00000000000014f0        0x4 main.o
                0x00000000000014f0                __x86.get_pc_thunk.bx

.iplt           0x00000000000014f4        0x0
 .iplt          0x00000000000014f4        0x0 main.o

.text.__x86.get_pc_thunk.si
                0x00000000000014f4        0x4
 .text.__x86.get_pc_thunk.si
                0x00000000000014f4        0x4 /home/cpq/cpq/20Fall/pok_homework/examples/test_wrr/pr1/../../..//libpok/libpok.a(core.lo)
                0x00000000000014f4                __x86.get_pc_thunk.si

.text.__x86.get_pc_thunk.bp
                0x00000000000014f8        0x4
 .text.__x86.get_pc_thunk.bp
                0x00000000000014f8        0x4 /home/cpq/cpq/20Fall/pok_homework/examples/test_wrr/pr1/../../..//libpok/libpok.a(core.lo)
                0x00000000000014f8                __x86.get_pc_thunk.bp

.text.__x86.get_pc_thunk.ax
                0x00000000000014fc        0x4
 .text.__x86.get_pc_thunk.ax
                0x00000000000014fc        0x4 /home/cpq/cpq/20Fall/pok_homework/examples/test_wrr/pr1/../../..//libpok/libpok.a(libc.lo)
                0x00000000000014fc                __x86.get_pc_thunk.ax

.text.__x86.get_pc_thunk.di
                0x0000000000001500        0x4
 .text.__x86.get_pc_thunk.di
                0x0000000000001500        0x4 /home/cpq/cpq/20Fall/pok_homework/examples/test_wrr/pr1/../../..//libpok/libpok.a(libc.lo)
                0x0000000000001500                __x86.get_pc_thunk.di

.rodata         0x0000000000001504       0x11
 *(.rodata)
 .rodata        0x0000000000001504       0x11 /home/cpq/cpq/20Fall/pok_homework/examples/test_wrr/pr1/../../..//libpok/libpok.a(libc.lo)

.rodata.str1.4  0x0000000000001518      0x2eb
 .rodata.str1.4
                0x0000000000001518       0x76 main.o
 *fill*         0x000000000000158e        0x2 
 .rodata.str1.4
                0x0000000000001590       0x46 activity.o
 *fill*         0x00000000000015d6        0x2 
 .rodata.str1.4
                0x00000000000015d8      0x22b /home/cpq/cpq/20Fall/pok_homework/examples/test_wrr/pr1/../../..//libpok/libpok.a(core.lo)

.eh_frame       0x0000000000001804      0xa10
 .eh_frame      0x0000000000001804       0x70 main.o
 .eh_frame      0x0000000000001874       0xa0 activity.o
                                         0xcc (松开之前的大小)
 .eh_frame      0x0000000000001914       0x30 /home/cpq/cpq/20Fall/pok_homework/examples/test_wrr/pr1/../../..//libpok/libpok.a(arch.lo)
                                         0x60 (松开之前的大小)
 .eh_frame      0x0000000000001944      0x410 /home/cpq/cpq/20Fall/pok_homework/examples/test_wrr/pr1/../../..//libpok/libpok.a(core.lo)
                                        0x58c (松开之前的大小)
 .eh_frame      0x0000000000001d54      0x4c0 /home/cpq/cpq/20Fall/pok_homework/examples/test_wrr/pr1/../../..//libpok/libpok.a(libc.lo)
                                        0x668 (松开之前的大小)

.rodata.str1.1  0x0000000000002214       0x3a
 .rodata.str1.1
                0x0000000000002214       0x3a activity.o

.note.gnu.property
                0x0000000000002250       0x1c
 .note.gnu.property
                0x0000000000002250       0x1c main.o

.rel.dyn        0x000000000000226c        0x0
 .rel.got       0x000000000000226c        0x0 main.o
 .rel.iplt      0x000000000000226c        0x0 main.o
 .rel.text      0x000000000000226c        0x0 main.o

.data           0x0000000000002280     0x8590
 *(.data)
 .data          0x0000000000002280        0x0 main.o
 .data          0x0000000000002280        0x0 activity.o
 .data          0x0000000000002280        0x0 /home/cpq/cpq/20Fall/pok_homework/examples/test_wrr/pr1/../../..//libpok/libpok.a(arch.lo)
 .data          0x0000000000002280        0x0 /home/cpq/cpq/20Fall/pok_homework/examples/test_wrr/pr1/../../..//libpok/libpok.a(core.lo)
 .data          0x0000000000002280        0x4 /home/cpq/cpq/20Fall/pok_homework/examples/test_wrr/pr1/../../..//libpok/libpok.a(libc.lo)
 *(.bss)
 .bss           0x0000000000002284        0x0 main.o
 .bss           0x0000000000002284        0x0 activity.o
 .bss           0x0000000000002284        0x0 /home/cpq/cpq/20Fall/pok_homework/examples/test_wrr/pr1/../../..//libpok/libpok.a(arch.lo)
 .bss           0x0000000000002284        0x8 /home/cpq/cpq/20Fall/pok_homework/examples/test_wrr/pr1/../../..//libpok/libpok.a(core.lo)
                0x0000000000002284                pok_allocator_initialized
                0x0000000000002288                pok_allocator_used_spaces
 *fill*         0x000000000000228c       0x14 
 .bss           0x00000000000022a0       0x84 /home/cpq/cpq/20Fall/pok_homework/examples/test_wrr/pr1/../../..//libpok/libpok.a(libc.lo)
 *(COMMON)
 COMMON         0x0000000000002324        0x2 main.o
                0x0000000000002324                sid
 COMMON         0x0000000000002326        0x2 activity.o
                0x0000000000002326                val
 *fill*         0x0000000000002328       0x18 
 COMMON         0x0000000000002340     0x84d0 /home/cpq/cpq/20Fall/pok_homework/examples/test_wrr/pr1/../../..//libpok/libpok.a(core.lo)
                0x0000000000002340                pok_allocator_memspace
                0x000000000000a340                errno
                0x000000000000a360                pok_allocator_spaces
                0x000000000000a810                __partition_end = .
LOAD main.o
LOAD activity.o
LOAD /home/cpq/cpq/20Fall/pok_homework/examples/test_wrr/pr1/../../..//libpok/libpok.a
LOAD /home/cpq/cpq/20Fall/pok_homework/examples/test_wrr/pr1/../../..//libpok//libpok.a
OUTPUT(pr1.elf elf32-i386)

.got            0x000000000000a810        0x0
 .got           0x000000000000a810        0x0 main.o

.got.plt        0x000000000000a810        0xc
 .got.plt       0x000000000000a810        0xc main.o
                0x000000000000a810                _GLOBAL_OFFSET_TABLE_

.igot.plt       0x000000000000a81c        0x0
 .igot.plt      0x000000000000a81c        0x0 main.o

.data.rel.ro.local
                0x000000000000a820       0x6c
 .data.rel.ro.local
                0x000000000000a820       0x6c /home/cpq/cpq/20Fall/pok_homework/examples/test_wrr/pr1/../../..//libpok/libpok.a(libc.lo)

.debug_info     0x0000000000000000     0x5008
 .debug_info    0x0000000000000000      0x458 main.o
 .debug_info    0x0000000000000458      0x282 activity.o
 .debug_info    0x00000000000006da      0x354 /home/cpq/cpq/20Fall/pok_homework/examples/test_wrr/pr1/../../..//libpok/libpok.a(arch.lo)
 .debug_info    0x0000000000000a2e     0x2dfd /home/cpq/cpq/20Fall/pok_homework/examples/test_wrr/pr1/../../..//libpok/libpok.a(core.lo)
 .debug_info    0x000000000000382b     0x17dd /home/cpq/cpq/20Fall/pok_homework/examples/test_wrr/pr1/../../..//libpok/libpok.a(libc.lo)

.debug_abbrev   0x0000000000000000     0x1de7
 .debug_abbrev  0x0000000000000000      0x11b main.o
 .debug_abbrev  0x000000000000011b       0xec activity.o
 .debug_abbrev  0x0000000000000207      0x135 /home/cpq/cpq/20Fall/pok_homework/examples/test_wrr/pr1/../../..//libpok/libpok.a(arch.lo)
 .debug_abbrev  0x000000000000033c      0xe2a /home/cpq/cpq/20Fall/pok_homework/examples/test_wrr/pr1/../../..//libpok/libpok.a(core.lo)
 .debug_abbrev  0x0000000000001166      0xc81 /home/cpq/cpq/20Fall/pok_homework/examples/test_wrr/pr1/../../..//libpok/libpok.a(libc.lo)

.debug_loc      0x0000000000000000     0x137a
 .debug_loc     0x0000000000000000       0x83 main.o
 .debug_loc     0x0000000000000083       0x53 activity.o
 .debug_loc     0x00000000000000d6       0x41 /home/cpq/cpq/20Fall/pok_homework/examples/test_wrr/pr1/../../..//libpok/libpok.a(arch.lo)
 .debug_loc     0x0000000000000117      0x10f /home/cpq/cpq/20Fall/pok_homework/examples/test_wrr/pr1/../../..//libpok/libpok.a(core.lo)
 .debug_loc     0x0000000000000226     0x1154 /home/cpq/cpq/20Fall/pok_homework/examples/test_wrr/pr1/../../..//libpok/libpok.a(libc.lo)

.debug_aranges  0x0000000000000000      0x490
 .debug_aranges
                0x0000000000000000       0x20 main.o
 .debug_aranges
                0x0000000000000020       0x20 activity.o
 .debug_aranges
                0x0000000000000040       0x40 /home/cpq/cpq/20Fall/pok_homework/examples/test_wrr/pr1/../../..//libpok/libpok.a(arch.lo)
 .debug_aranges
                0x0000000000000080      0x1f8 /home/cpq/cpq/20Fall/pok_homework/examples/test_wrr/pr1/../../..//libpok/libpok.a(core.lo)
 .debug_aranges
                0x0000000000000278      0x218 /home/cpq/cpq/20Fall/pok_homework/examples/test_wrr/pr1/../../..//libpok/libpok.a(libc.lo)

.debug_line     0x0000000000000000     0x258f
 .debug_line    0x0000000000000000      0x245 main.o
 .debug_line    0x0000000000000245      0x280 activity.o
 .debug_line    0x00000000000004c5      0x114 /home/cpq/cpq/20Fall/pok_homework/examples/test_wrr/pr1/../../..//libpok/libpok.a(arch.lo)
 .debug_line    0x00000000000005d9      0xf55 /home/cpq/cpq/20Fall/pok_homework/examples/test_wrr/pr1/../../..//libpok/libpok.a(core.lo)
 .debug_line    0x000000000000152e     0x1061 /home/cpq/cpq/20Fall/pok_homework/examples/test_wrr/pr1/../../..//libpok/libpok.a(libc.lo)

.debug_str      0x0000000000000000     0x13ed
 .debug_str     0x0000000000000000      0x916 main.o
                                        0x95a (松开之前的大小)
 .debug_str     0x0000000000000916       0x4f activity.o
                                        0x437 (松开之前的大小)
 .debug_str     0x0000000000000965       0x87 /home/cpq/cpq/20Fall/pok_homework/examples/test_wrr/pr1/../../..//libpok/libpok.a(arch.lo)
                                        0x9b9 (松开之前的大小)
 .debug_str     0x00000000000009ec      0x6af /home/cpq/cpq/20Fall/pok_homework/examples/test_wrr/pr1/../../..//libpok/libpok.a(core.lo)
                                       0x7e3a (松开之前的大小)
 .debug_str     0x000000000000109b      0x352 /home/cpq/cpq/20Fall/pok_homework/examples/test_wrr/pr1/../../..//libpok/libpok.a(libc.lo)
                                       0x1c43 (松开之前的大小)

.comment        0x0000000000000000       0x2a
 .comment       0x0000000000000000       0x2a main.o
                                         0x2b (松开之前的大小)
 .comment       0x000000000000002a       0x2b activity.o
 .comment       0x000000000000002a       0xac /home/cpq/cpq/20Fall/pok_homework/examples/test_wrr/pr1/../../..//libpok/libpok.a(arch.lo)
 .comment       0x000000000000002a      0x60c /home/cpq/cpq/20Fall/pok_homework/examples/test_wrr/pr1/../../..//libpok/libpok.a(core.lo)
 .comment       0x000000000000002a      0x2db /home/cpq/cpq/20Fall/pok_homework/examples/test_wrr/pr1/../../..//libpok/libpok.a(libc.lo)

.note.GNU-stack
                0x0000000000000000        0x0
 .note.GNU-stack
                0x0000000000000000        0x0 main.o
 .note.GNU-stack
                0x0000000000000000        0x0 activity.o
 .note.GNU-stack
                0x0000000000000000        0x0 /home/cpq/cpq/20Fall/pok_homework/examples/test_wrr/pr1/../../..//libpok/libpok.a(arch.lo)
 .note.GNU-stack
                0x0000000000000000        0x0 /home/cpq/cpq/20Fall/pok_homework/examples/test_wrr/pr1/../../..//libpok/libpok.a(core.lo)
 .note.GNU-stack
                0x0000000000000000        0x0 /home/cpq/cpq/20Fall/pok_homework/examples/test_wrr/pr1/../../..//libpok/libpok.a(libc.lo)

.debug_ranges   0x0000000000000000       0x60
 .debug_ranges  0x0000000000000000       0x60 /home/cpq/cpq/20Fall/pok_homework/examples/test_wrr/pr1/../../..//libpok/libpok.a(libc.lo)
