由于文件 (符号) 而包含了归档成员

/home/leizhanyao/develop/pok_homework/pok_homework/examples/test_rr_dyna/pr1/../../..//libpok/libpok.a(arch.lo)
                              main.o (pok_do_syscall)
/home/leizhanyao/develop/pok_homework/pok_homework/examples/test_rr_dyna/pr1/../../..//libpok/libpok.a(core.lo)
                              main.o (pok_sem_create)
/home/leizhanyao/develop/pok_homework/pok_homework/examples/test_rr_dyna/pr1/../../..//libpok/libpok.a(libc.lo)
                              main.o (printf)

分配公共符号
公共符号            大小              文件

pok_allocator_memspace
                    0x8000            /home/leizhanyao/develop/pok_homework/pok_homework/examples/test_rr_dyna/pr1/../../..//libpok/libpok.a(core.lo)
errno               0x4               /home/leizhanyao/develop/pok_homework/pok_homework/examples/test_rr_dyna/pr1/../../..//libpok/libpok.a(core.lo)
val                 0x2               activity.o
pok_allocator_spaces
                    0x4b0             /home/leizhanyao/develop/pok_homework/pok_homework/examples/test_rr_dyna/pr1/../../..//libpok/libpok.a(core.lo)
sid                 0x2               main.o

内存配置

名称           来源             长度             属性
*default*        0x0000000000000000 0xffffffffffffffff

链结器命令稿和内存映射

                0x0000000000000000                . = 0x0
                0x0000000000000000                __partition_begin = .

.text           0x0000000000000000     0x1260
 *(.text)
 .text          0x0000000000000000      0x11e main.o
                0x0000000000000000                main
 .text          0x000000000000011e       0xa9 activity.o
                0x000000000000011e                pinger_job
                0x000000000000015f                pinger_job2
 .text          0x00000000000001c7       0x14 /home/leizhanyao/develop/pok_homework/pok_homework/examples/test_rr_dyna/pr1/../../..//libpok/libpok.a(arch.lo)
                0x00000000000001c7                pok_arch_idle
                0x00000000000001ca                pok_do_syscall
 .text          0x00000000000001db      0x7f8 /home/leizhanyao/develop/pok_homework/pok_homework/examples/test_rr_dyna/pr1/../../..//libpok/libpok.a(core.lo)
                0x00000000000001db                pok_allocator_print_spaces
                0x0000000000000233                pok_allocator_allocate
                0x000000000000040e                pok_allocator_delete_space
                0x000000000000045c                pok_allocator_merge_space
                0x0000000000000522                pok_allocator_free
                0x0000000000000612                pok_time_gettick
                0x0000000000000655                pok_time_get
                0x0000000000000665                __pok_partition_start
                0x0000000000000676                pok_sem_create
                0x00000000000006ea                pok_sem_signal
                0x0000000000000744                pok_sem_status
                0x000000000000074a                pok_sem_wait
                0x00000000000007b4                pok_thread_create
                0x00000000000007f7                pok_thread_attr_init
                0x0000000000000841                pok_thread_period
                0x0000000000000884                pok_thread_sleep
                0x00000000000008c7                pok_thread_status
                0x000000000000090a                pok_thread_delayed_start
                0x000000000000094d                pok_thread_set_priority
                0x0000000000000990                pok_thread_resume
 .text          0x00000000000009d3      0x88d /home/leizhanyao/develop/pok_homework/pok_homework/examples/test_rr_dyna/pr1/../../..//libpok/libpok.a(libc.lo)
                0x0000000000000c87                vprintf
                0x0000000000000de4                printf
                0x0000000000000dfc                itoa
                0x0000000000000e99                atoi
                0x0000000000000ede                memcpy
                0x0000000000000f06                memset
                0x0000000000000f28                memcmp
                0x0000000000000f77                strcmp
                0x0000000000000fb9                strncmp
                0x0000000000001015                strcpy
                0x0000000000001045                strncpy
                0x000000000000107f                streq
                0x0000000000001117                strlen
                0x0000000000001136                __udivdi3
                0x00000000000011de                __umoddi3
                0x00000000000011fa                rand
                0x000000000000122a                free
                0x000000000000123a                malloc
                0x000000000000124a                calloc

.iplt           0x0000000000001260        0x0
 .iplt          0x0000000000001260        0x0 main.o

.rodata         0x0000000000001260       0x7d
 *(.rodata)
 .rodata        0x0000000000001260       0x7d /home/leizhanyao/develop/pok_homework/pok_homework/examples/test_rr_dyna/pr1/../../..//libpok/libpok.a(libc.lo)

.rodata.str1.4  0x00000000000012e0      0x2ec
 .rodata.str1.4
                0x00000000000012e0       0x76 main.o
 *fill*         0x0000000000001356        0x2 
 .rodata.str1.4
                0x0000000000001358       0x46 activity.o
 *fill*         0x000000000000139e        0x2 
 .rodata.str1.4
                0x00000000000013a0      0x22c /home/leizhanyao/develop/pok_homework/pok_homework/examples/test_rr_dyna/pr1/../../..//libpok/libpok.a(core.lo)
                                        0x22b (松开之前的大小)

.eh_frame       0x00000000000015cc      0x8a8
 .eh_frame      0x00000000000015cc       0x54 main.o
 .eh_frame      0x0000000000001620       0x80 activity.o
                                         0x98 (松开之前的大小)
 .eh_frame      0x00000000000016a0       0x30 /home/leizhanyao/develop/pok_homework/pok_homework/examples/test_rr_dyna/pr1/../../..//libpok/libpok.a(arch.lo)
                                         0x60 (松开之前的大小)
 .eh_frame      0x00000000000016d0      0x350 /home/leizhanyao/develop/pok_homework/pok_homework/examples/test_rr_dyna/pr1/../../..//libpok/libpok.a(core.lo)
                                        0x4b8 (松开之前的大小)
 .eh_frame      0x0000000000001a20      0x454 /home/leizhanyao/develop/pok_homework/pok_homework/examples/test_rr_dyna/pr1/../../..//libpok/libpok.a(libc.lo)
                                        0x5d4 (松开之前的大小)

.rodata.str1.1  0x0000000000001e74       0x3a
 .rodata.str1.1
                0x0000000000001e74       0x3a activity.o

.rel.dyn        0x0000000000001eb0        0x0
 .rel.iplt      0x0000000000001eb0        0x0 main.o
 .rel.text      0x0000000000001eb0        0x0 main.o

.data           0x0000000000001ec0     0x8590
 *(.data)
 .data          0x0000000000001ec0        0x0 main.o
 .data          0x0000000000001ec0        0x0 activity.o
 .data          0x0000000000001ec0        0x0 /home/leizhanyao/develop/pok_homework/pok_homework/examples/test_rr_dyna/pr1/../../..//libpok/libpok.a(arch.lo)
 .data          0x0000000000001ec0        0x0 /home/leizhanyao/develop/pok_homework/pok_homework/examples/test_rr_dyna/pr1/../../..//libpok/libpok.a(core.lo)
 .data          0x0000000000001ec0        0x4 /home/leizhanyao/develop/pok_homework/pok_homework/examples/test_rr_dyna/pr1/../../..//libpok/libpok.a(libc.lo)
 *(.bss)
 .bss           0x0000000000001ec4        0x0 main.o
 .bss           0x0000000000001ec4        0x0 activity.o
 .bss           0x0000000000001ec4        0x0 /home/leizhanyao/develop/pok_homework/pok_homework/examples/test_rr_dyna/pr1/../../..//libpok/libpok.a(arch.lo)
 .bss           0x0000000000001ec4        0x8 /home/leizhanyao/develop/pok_homework/pok_homework/examples/test_rr_dyna/pr1/../../..//libpok/libpok.a(core.lo)
                0x0000000000001ec4                pok_allocator_initialized
                0x0000000000001ec8                pok_allocator_used_spaces
 *fill*         0x0000000000001ecc       0x14 
 .bss           0x0000000000001ee0       0x84 /home/leizhanyao/develop/pok_homework/pok_homework/examples/test_rr_dyna/pr1/../../..//libpok/libpok.a(libc.lo)
 *(COMMON)
 COMMON         0x0000000000001f64        0x2 main.o
                0x0000000000001f64                sid
 COMMON         0x0000000000001f66        0x2 activity.o
                0x0000000000001f66                val
 *fill*         0x0000000000001f68       0x18 
 COMMON         0x0000000000001f80     0x84d0 /home/leizhanyao/develop/pok_homework/pok_homework/examples/test_rr_dyna/pr1/../../..//libpok/libpok.a(core.lo)
                0x0000000000001f80                pok_allocator_memspace
                0x0000000000009f80                errno
                0x0000000000009fa0                pok_allocator_spaces
                0x000000000000a450                __partition_end = .
LOAD main.o
LOAD activity.o
LOAD /home/leizhanyao/develop/pok_homework/pok_homework/examples/test_rr_dyna/pr1/../../..//libpok/libpok.a
LOAD /home/leizhanyao/develop/pok_homework/pok_homework/examples/test_rr_dyna/pr1/../../..//libpok//libpok.a
OUTPUT(pr1.elf elf32-i386)

.igot.plt       0x000000000000a450        0x0
 .igot.plt      0x000000000000a450        0x0 main.o

.debug_info     0x0000000000000000     0x4bc5
 .debug_info    0x0000000000000000      0x43b main.o
 .debug_info    0x000000000000043b      0x254 activity.o
 .debug_info    0x000000000000068f      0x322 /home/leizhanyao/develop/pok_homework/pok_homework/examples/test_rr_dyna/pr1/../../..//libpok/libpok.a(arch.lo)
 .debug_info    0x00000000000009b1     0x2c3d /home/leizhanyao/develop/pok_homework/pok_homework/examples/test_rr_dyna/pr1/../../..//libpok/libpok.a(core.lo)
 .debug_info    0x00000000000035ee     0x15d7 /home/leizhanyao/develop/pok_homework/pok_homework/examples/test_rr_dyna/pr1/../../..//libpok/libpok.a(libc.lo)

.debug_abbrev   0x0000000000000000     0x19bc
 .debug_abbrev  0x0000000000000000       0xef main.o
 .debug_abbrev  0x00000000000000ef       0xc9 activity.o
 .debug_abbrev  0x00000000000001b8      0x10b /home/leizhanyao/develop/pok_homework/pok_homework/examples/test_rr_dyna/pr1/../../..//libpok/libpok.a(arch.lo)
 .debug_abbrev  0x00000000000002c3      0xc0e /home/leizhanyao/develop/pok_homework/pok_homework/examples/test_rr_dyna/pr1/../../..//libpok/libpok.a(core.lo)
 .debug_abbrev  0x0000000000000ed1      0xaeb /home/leizhanyao/develop/pok_homework/pok_homework/examples/test_rr_dyna/pr1/../../..//libpok/libpok.a(libc.lo)

.debug_loc      0x0000000000000000     0x1005
 .debug_loc     0x0000000000000000       0x29 main.o
 .debug_loc     0x0000000000000029       0x31 activity.o
 .debug_loc     0x000000000000005a      0x106 /home/leizhanyao/develop/pok_homework/pok_homework/examples/test_rr_dyna/pr1/../../..//libpok/libpok.a(core.lo)
 .debug_loc     0x0000000000000160      0xea5 /home/leizhanyao/develop/pok_homework/pok_homework/examples/test_rr_dyna/pr1/../../..//libpok/libpok.a(libc.lo)

.debug_aranges  0x0000000000000000      0x490
 .debug_aranges
                0x0000000000000000       0x20 main.o
 .debug_aranges
                0x0000000000000020       0x20 activity.o
 .debug_aranges
                0x0000000000000040       0x40 /home/leizhanyao/develop/pok_homework/pok_homework/examples/test_rr_dyna/pr1/../../..//libpok/libpok.a(arch.lo)
 .debug_aranges
                0x0000000000000080      0x1f8 /home/leizhanyao/develop/pok_homework/pok_homework/examples/test_rr_dyna/pr1/../../..//libpok/libpok.a(core.lo)
 .debug_aranges
                0x0000000000000278      0x218 /home/leizhanyao/develop/pok_homework/pok_homework/examples/test_rr_dyna/pr1/../../..//libpok/libpok.a(libc.lo)

.debug_line     0x0000000000000000     0x1a70
 .debug_line    0x0000000000000000      0x24e main.o
 .debug_line    0x000000000000024e      0x257 activity.o
 .debug_line    0x00000000000004a5       0xf4 /home/leizhanyao/develop/pok_homework/pok_homework/examples/test_rr_dyna/pr1/../../..//libpok/libpok.a(arch.lo)
 .debug_line    0x0000000000000599      0xb76 /home/leizhanyao/develop/pok_homework/pok_homework/examples/test_rr_dyna/pr1/../../..//libpok/libpok.a(core.lo)
 .debug_line    0x000000000000110f      0x961 /home/leizhanyao/develop/pok_homework/pok_homework/examples/test_rr_dyna/pr1/../../..//libpok/libpok.a(libc.lo)

.debug_str      0x0000000000000000     0x1447
 .debug_str     0x0000000000000000      0x900 main.o
                                        0x944 (松开之前的大小)
 .debug_str     0x0000000000000900       0x4f activity.o
                                        0x400 (松开之前的大小)
 .debug_str     0x000000000000094f       0x98 /home/leizhanyao/develop/pok_homework/pok_homework/examples/test_rr_dyna/pr1/../../..//libpok/libpok.a(arch.lo)
                                        0x903 (松开之前的大小)
 .debug_str     0x00000000000009e7      0x6ca /home/leizhanyao/develop/pok_homework/pok_homework/examples/test_rr_dyna/pr1/../../..//libpok/libpok.a(core.lo)
                                       0x7813 (松开之前的大小)
 .debug_str     0x00000000000010b1      0x396 /home/leizhanyao/develop/pok_homework/pok_homework/examples/test_rr_dyna/pr1/../../..//libpok/libpok.a(libc.lo)
                                       0x1954 (松开之前的大小)

.comment        0x0000000000000000       0x35
 .comment       0x0000000000000000       0x35 main.o
                                         0x36 (松开之前的大小)
 .comment       0x0000000000000035       0x36 activity.o
 .comment       0x0000000000000035       0xd8 /home/leizhanyao/develop/pok_homework/pok_homework/examples/test_rr_dyna/pr1/../../..//libpok/libpok.a(arch.lo)
 .comment       0x0000000000000035      0x798 /home/leizhanyao/develop/pok_homework/pok_homework/examples/test_rr_dyna/pr1/../../..//libpok/libpok.a(core.lo)
 .comment       0x0000000000000035      0x396 /home/leizhanyao/develop/pok_homework/pok_homework/examples/test_rr_dyna/pr1/../../..//libpok/libpok.a(libc.lo)

.note.GNU-stack
                0x0000000000000000        0x0
 .note.GNU-stack
                0x0000000000000000        0x0 main.o
 .note.GNU-stack
                0x0000000000000000        0x0 activity.o
 .note.GNU-stack
                0x0000000000000000        0x0 /home/leizhanyao/develop/pok_homework/pok_homework/examples/test_rr_dyna/pr1/../../..//libpok/libpok.a(arch.lo)
 .note.GNU-stack
                0x0000000000000000        0x0 /home/leizhanyao/develop/pok_homework/pok_homework/examples/test_rr_dyna/pr1/../../..//libpok/libpok.a(core.lo)
 .note.GNU-stack
                0x0000000000000000        0x0 /home/leizhanyao/develop/pok_homework/pok_homework/examples/test_rr_dyna/pr1/../../..//libpok/libpok.a(libc.lo)

.debug_ranges   0x0000000000000000       0x30
 .debug_ranges  0x0000000000000000       0x30 /home/leizhanyao/develop/pok_homework/pok_homework/examples/test_rr_dyna/pr1/../../..//libpok/libpok.a(libc.lo)
