由于文件 (符号) 而包含了归档成员

/home/cpq/cpq/20Fall/pok_homework/examples/test_edf/pr2/../../..//libpok/libpok.a(arch.lo)
                              main.o (pok_do_syscall)
/home/cpq/cpq/20Fall/pok_homework/examples/test_edf/pr2/../../..//libpok/libpok.a(core.lo)
                              main.o (pok_sem_create)
/home/cpq/cpq/20Fall/pok_homework/examples/test_edf/pr2/../../..//libpok/libpok.a(libc.lo)
                              main.o (printf)

Merging program properties


分配公共符号
公共符号            大小              文件

pok_allocator_memspace
                    0x8000            /home/cpq/cpq/20Fall/pok_homework/examples/test_edf/pr2/../../..//libpok/libpok.a(core.lo)
errno               0x4               /home/cpq/cpq/20Fall/pok_homework/examples/test_edf/pr2/../../..//libpok/libpok.a(core.lo)
pok_allocator_spaces
                    0x4b0             /home/cpq/cpq/20Fall/pok_homework/examples/test_edf/pr2/../../..//libpok/libpok.a(core.lo)
sid                 0x2               main.o

舍弃的输入节

 .group         0x0000000000000000        0x8 main.o
 .group         0x0000000000000000        0x8 activity.o
 .text.__x86.get_pc_thunk.bx
                0x0000000000000000        0x4 activity.o
 .note.gnu.property
                0x0000000000000000       0x1c activity.o
 .note.gnu.property
                0x0000000000000000       0x1c /home/cpq/cpq/20Fall/pok_homework/examples/test_edf/pr2/../../..//libpok/libpok.a(arch.lo)
 .group         0x0000000000000000        0x8 /home/cpq/cpq/20Fall/pok_homework/examples/test_edf/pr2/../../..//libpok/libpok.a(core.lo)
 .group         0x0000000000000000        0x8 /home/cpq/cpq/20Fall/pok_homework/examples/test_edf/pr2/../../..//libpok/libpok.a(core.lo)
 .group         0x0000000000000000        0x8 /home/cpq/cpq/20Fall/pok_homework/examples/test_edf/pr2/../../..//libpok/libpok.a(core.lo)
 .note.gnu.property
                0x0000000000000000       0x1c /home/cpq/cpq/20Fall/pok_homework/examples/test_edf/pr2/../../..//libpok/libpok.a(core.lo)
 .text.__x86.get_pc_thunk.bx
                0x0000000000000000        0x4 /home/cpq/cpq/20Fall/pok_homework/examples/test_edf/pr2/../../..//libpok/libpok.a(core.lo)
 .group         0x0000000000000000        0x8 /home/cpq/cpq/20Fall/pok_homework/examples/test_edf/pr2/../../..//libpok/libpok.a(libc.lo)
 .group         0x0000000000000000        0x8 /home/cpq/cpq/20Fall/pok_homework/examples/test_edf/pr2/../../..//libpok/libpok.a(libc.lo)
 .group         0x0000000000000000        0x8 /home/cpq/cpq/20Fall/pok_homework/examples/test_edf/pr2/../../..//libpok/libpok.a(libc.lo)
 .group         0x0000000000000000        0x8 /home/cpq/cpq/20Fall/pok_homework/examples/test_edf/pr2/../../..//libpok/libpok.a(libc.lo)
 .note.gnu.property
                0x0000000000000000       0x1c /home/cpq/cpq/20Fall/pok_homework/examples/test_edf/pr2/../../..//libpok/libpok.a(libc.lo)
 .text.__x86.get_pc_thunk.bx
                0x0000000000000000        0x4 /home/cpq/cpq/20Fall/pok_homework/examples/test_edf/pr2/../../..//libpok/libpok.a(libc.lo)
 .text.__x86.get_pc_thunk.bp
                0x0000000000000000        0x4 /home/cpq/cpq/20Fall/pok_homework/examples/test_edf/pr2/../../..//libpok/libpok.a(libc.lo)

内存配置

名称           来源             长度             属性
*default*        0x0000000000000000 0xffffffffffffffff

链结器命令稿和内存映射

                0x0000000000000000                . = 0x0
                0x0000000000000000                __partition_begin = .

.text           0x0000000000000000     0x151d
 *(.text)
 .text          0x0000000000000000      0x17f main.o
                0x0000000000000000                main
 .text          0x000000000000017f       0xa5 activity.o
                0x000000000000017f                pinger_job
                0x00000000000001b6                pinger_job2
                0x00000000000001ed                pinger_job3
 .text          0x0000000000000224       0x1c /home/cpq/cpq/20Fall/pok_homework/examples/test_edf/pr2/../../..//libpok/libpok.a(arch.lo)
                0x0000000000000224                pok_arch_idle
                0x000000000000022b                pok_do_syscall
 .text          0x0000000000000240      0x932 /home/cpq/cpq/20Fall/pok_homework/examples/test_edf/pr2/../../..//libpok/libpok.a(core.lo)
                0x0000000000000240                pok_allocator_print_spaces
                0x00000000000002b0                pok_allocator_allocate
                0x0000000000000493                pok_allocator_delete_space
                0x00000000000004f7                pok_allocator_merge_space
                0x00000000000005e0                pok_allocator_free
                0x00000000000006d9                pok_time_gettick
                0x000000000000072d                pok_time_get
                0x0000000000000741                __pok_partition_start
                0x0000000000000763                pok_sem_create
                0x00000000000007e8                pok_sem_signal
                0x0000000000000853                pok_sem_status
                0x000000000000085d                pok_sem_wait
                0x00000000000008d8                pok_thread_create
                0x000000000000092c                pok_thread_attr_init
                0x000000000000097a                pok_thread_period
                0x00000000000009ce                pok_thread_sleep
                0x0000000000000a22                pok_thread_status
                0x0000000000000a76                pok_thread_delayed_start
                0x0000000000000aca                pok_thread_set_priority
                0x0000000000000b1e                pok_thread_resume
 .text          0x0000000000000b72      0x9ab /home/cpq/cpq/20Fall/pok_homework/examples/test_edf/pr2/../../..//libpok/libpok.a(libc.lo)
                0x0000000000000e8d                vprintf
                0x0000000000000ff3                printf
                0x000000000000100f                itoa
                0x00000000000010d4                atoi
                0x000000000000111b                memcpy
                0x000000000000114b                memset
                0x0000000000001173                memcmp
                0x00000000000011bc                strcmp
                0x0000000000001202                strncmp
                0x0000000000001261                strcpy
                0x0000000000001297                strncpy
                0x00000000000012cb                streq
                0x0000000000001363                strlen
                0x0000000000001385                __udivdi3
                0x000000000000144c                __umoddi3
                0x0000000000001479                rand
                0x00000000000014b4                free
                0x00000000000014d5                malloc
                0x00000000000014f6                calloc

.text.__x86.get_pc_thunk.bx
                0x000000000000151d        0x4
 .text.__x86.get_pc_thunk.bx
                0x000000000000151d        0x4 main.o
                0x000000000000151d                __x86.get_pc_thunk.bx

.iplt           0x0000000000001521        0x0
 .iplt          0x0000000000001521        0x0 main.o

.text.__x86.get_pc_thunk.si
                0x0000000000001521        0x4
 .text.__x86.get_pc_thunk.si
                0x0000000000001521        0x4 /home/cpq/cpq/20Fall/pok_homework/examples/test_edf/pr2/../../..//libpok/libpok.a(core.lo)
                0x0000000000001521                __x86.get_pc_thunk.si

.text.__x86.get_pc_thunk.bp
                0x0000000000001525        0x4
 .text.__x86.get_pc_thunk.bp
                0x0000000000001525        0x4 /home/cpq/cpq/20Fall/pok_homework/examples/test_edf/pr2/../../..//libpok/libpok.a(core.lo)
                0x0000000000001525                __x86.get_pc_thunk.bp

.text.__x86.get_pc_thunk.ax
                0x0000000000001529        0x4
 .text.__x86.get_pc_thunk.ax
                0x0000000000001529        0x4 /home/cpq/cpq/20Fall/pok_homework/examples/test_edf/pr2/../../..//libpok/libpok.a(libc.lo)
                0x0000000000001529                __x86.get_pc_thunk.ax

.text.__x86.get_pc_thunk.di
                0x000000000000152d        0x4
 .text.__x86.get_pc_thunk.di
                0x000000000000152d        0x4 /home/cpq/cpq/20Fall/pok_homework/examples/test_edf/pr2/../../..//libpok/libpok.a(libc.lo)
                0x000000000000152d                __x86.get_pc_thunk.di

.rodata         0x0000000000001534       0x11
 *(.rodata)
 .rodata        0x0000000000001534       0x11 /home/cpq/cpq/20Fall/pok_homework/examples/test_edf/pr2/../../..//libpok/libpok.a(libc.lo)

.rodata.str1.4  0x0000000000001548      0x2bf
 .rodata.str1.4
                0x0000000000001548       0x93 main.o
 *fill*         0x00000000000015db        0x1 
 .rodata.str1.4
                0x00000000000015dc      0x22b /home/cpq/cpq/20Fall/pok_homework/examples/test_edf/pr2/../../..//libpok/libpok.a(core.lo)

.eh_frame       0x0000000000001808      0x9f8
 .eh_frame      0x0000000000001808       0x68 main.o
 .eh_frame      0x0000000000001870       0x90 activity.o
                                         0xbc (松开之前的大小)
 .eh_frame      0x0000000000001900       0x30 /home/cpq/cpq/20Fall/pok_homework/examples/test_edf/pr2/../../..//libpok/libpok.a(arch.lo)
                                         0x60 (松开之前的大小)
 .eh_frame      0x0000000000001930      0x410 /home/cpq/cpq/20Fall/pok_homework/examples/test_edf/pr2/../../..//libpok/libpok.a(core.lo)
                                        0x58c (松开之前的大小)
 .eh_frame      0x0000000000001d40      0x4c0 /home/cpq/cpq/20Fall/pok_homework/examples/test_edf/pr2/../../..//libpok/libpok.a(libc.lo)
                                        0x668 (松开之前的大小)

.rodata.str1.1  0x0000000000002200       0x42
 .rodata.str1.1
                0x0000000000002200       0x42 activity.o

.note.gnu.property
                0x0000000000002244       0x1c
 .note.gnu.property
                0x0000000000002244       0x1c main.o

.rel.dyn        0x0000000000002260        0x0
 .rel.got       0x0000000000002260        0x0 main.o
 .rel.iplt      0x0000000000002260        0x0 main.o
 .rel.text      0x0000000000002260        0x0 main.o

.data           0x0000000000002260     0x8590
 *(.data)
 .data          0x0000000000002260        0x0 main.o
 .data          0x0000000000002260        0x0 activity.o
 .data          0x0000000000002260        0x0 /home/cpq/cpq/20Fall/pok_homework/examples/test_edf/pr2/../../..//libpok/libpok.a(arch.lo)
 .data          0x0000000000002260        0x0 /home/cpq/cpq/20Fall/pok_homework/examples/test_edf/pr2/../../..//libpok/libpok.a(core.lo)
 .data          0x0000000000002260        0x4 /home/cpq/cpq/20Fall/pok_homework/examples/test_edf/pr2/../../..//libpok/libpok.a(libc.lo)
 *(.bss)
 .bss           0x0000000000002264        0x0 main.o
 .bss           0x0000000000002264        0x0 activity.o
 .bss           0x0000000000002264        0x0 /home/cpq/cpq/20Fall/pok_homework/examples/test_edf/pr2/../../..//libpok/libpok.a(arch.lo)
 .bss           0x0000000000002264        0x8 /home/cpq/cpq/20Fall/pok_homework/examples/test_edf/pr2/../../..//libpok/libpok.a(core.lo)
                0x0000000000002264                pok_allocator_initialized
                0x0000000000002268                pok_allocator_used_spaces
 *fill*         0x000000000000226c       0x14 
 .bss           0x0000000000002280       0x84 /home/cpq/cpq/20Fall/pok_homework/examples/test_edf/pr2/../../..//libpok/libpok.a(libc.lo)
 *(COMMON)
 COMMON         0x0000000000002304        0x2 main.o
                0x0000000000002304                sid
 *fill*         0x0000000000002306       0x1a 
 COMMON         0x0000000000002320     0x84d0 /home/cpq/cpq/20Fall/pok_homework/examples/test_edf/pr2/../../..//libpok/libpok.a(core.lo)
                0x0000000000002320                pok_allocator_memspace
                0x000000000000a320                errno
                0x000000000000a340                pok_allocator_spaces
                0x000000000000a7f0                __partition_end = .
LOAD main.o
LOAD activity.o
LOAD /home/cpq/cpq/20Fall/pok_homework/examples/test_edf/pr2/../../..//libpok/libpok.a
LOAD /home/cpq/cpq/20Fall/pok_homework/examples/test_edf/pr2/../../..//libpok//libpok.a
OUTPUT(pr2.elf elf32-i386)

.got            0x000000000000a7f0        0x0
 .got           0x000000000000a7f0        0x0 main.o

.got.plt        0x000000000000a7f0        0xc
 .got.plt       0x000000000000a7f0        0xc main.o
                0x000000000000a7f0                _GLOBAL_OFFSET_TABLE_

.igot.plt       0x000000000000a7fc        0x0
 .igot.plt      0x000000000000a7fc        0x0 main.o

.data.rel.ro.local
                0x000000000000a800       0x6c
 .data.rel.ro.local
                0x000000000000a800       0x6c /home/cpq/cpq/20Fall/pok_homework/examples/test_edf/pr2/../../..//libpok/libpok.a(libc.lo)

.debug_info     0x0000000000000000     0x4f11
 .debug_info    0x0000000000000000      0x3a4 main.o
 .debug_info    0x00000000000003a4      0x23f activity.o
 .debug_info    0x00000000000005e3      0x354 /home/cpq/cpq/20Fall/pok_homework/examples/test_edf/pr2/../../..//libpok/libpok.a(arch.lo)
 .debug_info    0x0000000000000937     0x2dfd /home/cpq/cpq/20Fall/pok_homework/examples/test_edf/pr2/../../..//libpok/libpok.a(core.lo)
 .debug_info    0x0000000000003734     0x17dd /home/cpq/cpq/20Fall/pok_homework/examples/test_edf/pr2/../../..//libpok/libpok.a(libc.lo)

.debug_abbrev   0x0000000000000000     0x1de9
 .debug_abbrev  0x0000000000000000      0x135 main.o
 .debug_abbrev  0x0000000000000135       0xd4 activity.o
 .debug_abbrev  0x0000000000000209      0x135 /home/cpq/cpq/20Fall/pok_homework/examples/test_edf/pr2/../../..//libpok/libpok.a(arch.lo)
 .debug_abbrev  0x000000000000033e      0xe2a /home/cpq/cpq/20Fall/pok_homework/examples/test_edf/pr2/../../..//libpok/libpok.a(core.lo)
 .debug_abbrev  0x0000000000001168      0xc81 /home/cpq/cpq/20Fall/pok_homework/examples/test_edf/pr2/../../..//libpok/libpok.a(libc.lo)

.debug_loc      0x0000000000000000     0x1350
 .debug_loc     0x0000000000000000       0xac main.o
 .debug_loc     0x00000000000000ac       0x41 /home/cpq/cpq/20Fall/pok_homework/examples/test_edf/pr2/../../..//libpok/libpok.a(arch.lo)
 .debug_loc     0x00000000000000ed      0x10f /home/cpq/cpq/20Fall/pok_homework/examples/test_edf/pr2/../../..//libpok/libpok.a(core.lo)
 .debug_loc     0x00000000000001fc     0x1154 /home/cpq/cpq/20Fall/pok_homework/examples/test_edf/pr2/../../..//libpok/libpok.a(libc.lo)

.debug_aranges  0x0000000000000000      0x490
 .debug_aranges
                0x0000000000000000       0x20 main.o
 .debug_aranges
                0x0000000000000020       0x20 activity.o
 .debug_aranges
                0x0000000000000040       0x40 /home/cpq/cpq/20Fall/pok_homework/examples/test_edf/pr2/../../..//libpok/libpok.a(arch.lo)
 .debug_aranges
                0x0000000000000080      0x1f8 /home/cpq/cpq/20Fall/pok_homework/examples/test_edf/pr2/../../..//libpok/libpok.a(core.lo)
 .debug_aranges
                0x0000000000000278      0x218 /home/cpq/cpq/20Fall/pok_homework/examples/test_edf/pr2/../../..//libpok/libpok.a(libc.lo)

.debug_line     0x0000000000000000     0x252e
 .debug_line    0x0000000000000000      0x21a main.o
 .debug_line    0x000000000000021a      0x24a activity.o
 .debug_line    0x0000000000000464      0x114 /home/cpq/cpq/20Fall/pok_homework/examples/test_edf/pr2/../../..//libpok/libpok.a(arch.lo)
 .debug_line    0x0000000000000578      0xf55 /home/cpq/cpq/20Fall/pok_homework/examples/test_edf/pr2/../../..//libpok/libpok.a(core.lo)
 .debug_line    0x00000000000014cd     0x1061 /home/cpq/cpq/20Fall/pok_homework/examples/test_edf/pr2/../../..//libpok/libpok.a(libc.lo)

.debug_str      0x0000000000000000     0x1403
 .debug_str     0x0000000000000000      0x6ab main.o
                                        0x6ea (松开之前的大小)
 .debug_str     0x00000000000006ab      0x2b4 activity.o
                                        0x427 (松开之前的大小)
 .debug_str     0x000000000000095f       0x87 /home/cpq/cpq/20Fall/pok_homework/examples/test_edf/pr2/../../..//libpok/libpok.a(arch.lo)
                                        0x9b9 (松开之前的大小)
 .debug_str     0x00000000000009e6      0x6cb /home/cpq/cpq/20Fall/pok_homework/examples/test_edf/pr2/../../..//libpok/libpok.a(core.lo)
                                       0x7e3a (松开之前的大小)
 .debug_str     0x00000000000010b1      0x352 /home/cpq/cpq/20Fall/pok_homework/examples/test_edf/pr2/../../..//libpok/libpok.a(libc.lo)
                                       0x1c43 (松开之前的大小)

.comment        0x0000000000000000       0x2a
 .comment       0x0000000000000000       0x2a main.o
                                         0x2b (松开之前的大小)
 .comment       0x000000000000002a       0x2b activity.o
 .comment       0x000000000000002a       0xac /home/cpq/cpq/20Fall/pok_homework/examples/test_edf/pr2/../../..//libpok/libpok.a(arch.lo)
 .comment       0x000000000000002a      0x60c /home/cpq/cpq/20Fall/pok_homework/examples/test_edf/pr2/../../..//libpok/libpok.a(core.lo)
 .comment       0x000000000000002a      0x2db /home/cpq/cpq/20Fall/pok_homework/examples/test_edf/pr2/../../..//libpok/libpok.a(libc.lo)

.note.GNU-stack
                0x0000000000000000        0x0
 .note.GNU-stack
                0x0000000000000000        0x0 main.o
 .note.GNU-stack
                0x0000000000000000        0x0 activity.o
 .note.GNU-stack
                0x0000000000000000        0x0 /home/cpq/cpq/20Fall/pok_homework/examples/test_edf/pr2/../../..//libpok/libpok.a(arch.lo)
 .note.GNU-stack
                0x0000000000000000        0x0 /home/cpq/cpq/20Fall/pok_homework/examples/test_edf/pr2/../../..//libpok/libpok.a(core.lo)
 .note.GNU-stack
                0x0000000000000000        0x0 /home/cpq/cpq/20Fall/pok_homework/examples/test_edf/pr2/../../..//libpok/libpok.a(libc.lo)

.debug_ranges   0x0000000000000000       0x60
 .debug_ranges  0x0000000000000000       0x60 /home/cpq/cpq/20Fall/pok_homework/examples/test_edf/pr2/../../..//libpok/libpok.a(libc.lo)
