由于文件 (符号) 而包含了归档成员

/home/cpq/cpq/20Fall/pok_homework/examples/test_priority/pr2/../../..//libpok/libpok.a(arch.lo)
                              main.o (pok_do_syscall)
/home/cpq/cpq/20Fall/pok_homework/examples/test_priority/pr2/../../..//libpok/libpok.a(core.lo)
                              main.o (pok_sem_create)
/home/cpq/cpq/20Fall/pok_homework/examples/test_priority/pr2/../../..//libpok/libpok.a(libc.lo)
                              main.o (printf)

Merging program properties


分配公共符号
公共符号            大小              文件

pok_allocator_memspace
                    0x8000            /home/cpq/cpq/20Fall/pok_homework/examples/test_priority/pr2/../../..//libpok/libpok.a(core.lo)
errno               0x4               /home/cpq/cpq/20Fall/pok_homework/examples/test_priority/pr2/../../..//libpok/libpok.a(core.lo)
pok_allocator_spaces
                    0x4b0             /home/cpq/cpq/20Fall/pok_homework/examples/test_priority/pr2/../../..//libpok/libpok.a(core.lo)
sid                 0x2               main.o

舍弃的输入节

 .group         0x0000000000000000        0x8 main.o
 .group         0x0000000000000000        0x8 activity.o
 .text.__x86.get_pc_thunk.bx
                0x0000000000000000        0x4 activity.o
 .note.gnu.property
                0x0000000000000000       0x1c activity.o
 .note.gnu.property
                0x0000000000000000       0x1c /home/cpq/cpq/20Fall/pok_homework/examples/test_priority/pr2/../../..//libpok/libpok.a(arch.lo)
 .group         0x0000000000000000        0x8 /home/cpq/cpq/20Fall/pok_homework/examples/test_priority/pr2/../../..//libpok/libpok.a(core.lo)
 .group         0x0000000000000000        0x8 /home/cpq/cpq/20Fall/pok_homework/examples/test_priority/pr2/../../..//libpok/libpok.a(core.lo)
 .group         0x0000000000000000        0x8 /home/cpq/cpq/20Fall/pok_homework/examples/test_priority/pr2/../../..//libpok/libpok.a(core.lo)
 .note.gnu.property
                0x0000000000000000       0x1c /home/cpq/cpq/20Fall/pok_homework/examples/test_priority/pr2/../../..//libpok/libpok.a(core.lo)
 .text.__x86.get_pc_thunk.bx
                0x0000000000000000        0x4 /home/cpq/cpq/20Fall/pok_homework/examples/test_priority/pr2/../../..//libpok/libpok.a(core.lo)
 .group         0x0000000000000000        0x8 /home/cpq/cpq/20Fall/pok_homework/examples/test_priority/pr2/../../..//libpok/libpok.a(libc.lo)
 .group         0x0000000000000000        0x8 /home/cpq/cpq/20Fall/pok_homework/examples/test_priority/pr2/../../..//libpok/libpok.a(libc.lo)
 .group         0x0000000000000000        0x8 /home/cpq/cpq/20Fall/pok_homework/examples/test_priority/pr2/../../..//libpok/libpok.a(libc.lo)
 .group         0x0000000000000000        0x8 /home/cpq/cpq/20Fall/pok_homework/examples/test_priority/pr2/../../..//libpok/libpok.a(libc.lo)
 .note.gnu.property
                0x0000000000000000       0x1c /home/cpq/cpq/20Fall/pok_homework/examples/test_priority/pr2/../../..//libpok/libpok.a(libc.lo)
 .text.__x86.get_pc_thunk.bx
                0x0000000000000000        0x4 /home/cpq/cpq/20Fall/pok_homework/examples/test_priority/pr2/../../..//libpok/libpok.a(libc.lo)
 .text.__x86.get_pc_thunk.bp
                0x0000000000000000        0x4 /home/cpq/cpq/20Fall/pok_homework/examples/test_priority/pr2/../../..//libpok/libpok.a(libc.lo)

内存配置

名称           来源             长度             属性
*default*        0x0000000000000000 0xffffffffffffffff

链结器命令稿和内存映射

                0x0000000000000000                . = 0x0
                0x0000000000000000                __partition_begin = .

.text           0x0000000000000000     0x1552
 *(.text)
 .text          0x0000000000000000      0x155 main.o
                0x0000000000000000                main
 .text          0x0000000000000155      0x104 activity.o
                0x0000000000000155                pinger_job
                0x00000000000001b9                pinger_job2
                0x00000000000001f0                pinger_job3
 .text          0x0000000000000259       0x1c /home/cpq/cpq/20Fall/pok_homework/examples/test_priority/pr2/../../..//libpok/libpok.a(arch.lo)
                0x0000000000000259                pok_arch_idle
                0x0000000000000260                pok_do_syscall
 .text          0x0000000000000275      0x932 /home/cpq/cpq/20Fall/pok_homework/examples/test_priority/pr2/../../..//libpok/libpok.a(core.lo)
                0x0000000000000275                pok_allocator_print_spaces
                0x00000000000002e5                pok_allocator_allocate
                0x00000000000004c8                pok_allocator_delete_space
                0x000000000000052c                pok_allocator_merge_space
                0x0000000000000615                pok_allocator_free
                0x000000000000070e                pok_time_gettick
                0x0000000000000762                pok_time_get
                0x0000000000000776                __pok_partition_start
                0x0000000000000798                pok_sem_create
                0x000000000000081d                pok_sem_signal
                0x0000000000000888                pok_sem_status
                0x0000000000000892                pok_sem_wait
                0x000000000000090d                pok_thread_create
                0x0000000000000961                pok_thread_attr_init
                0x00000000000009af                pok_thread_period
                0x0000000000000a03                pok_thread_sleep
                0x0000000000000a57                pok_thread_status
                0x0000000000000aab                pok_thread_delayed_start
                0x0000000000000aff                pok_thread_set_priority
                0x0000000000000b53                pok_thread_resume
 .text          0x0000000000000ba7      0x9ab /home/cpq/cpq/20Fall/pok_homework/examples/test_priority/pr2/../../..//libpok/libpok.a(libc.lo)
                0x0000000000000ec2                vprintf
                0x0000000000001028                printf
                0x0000000000001044                itoa
                0x0000000000001109                atoi
                0x0000000000001150                memcpy
                0x0000000000001180                memset
                0x00000000000011a8                memcmp
                0x00000000000011f1                strcmp
                0x0000000000001237                strncmp
                0x0000000000001296                strcpy
                0x00000000000012cc                strncpy
                0x0000000000001300                streq
                0x0000000000001398                strlen
                0x00000000000013ba                __udivdi3
                0x0000000000001481                __umoddi3
                0x00000000000014ae                rand
                0x00000000000014e9                free
                0x000000000000150a                malloc
                0x000000000000152b                calloc

.text.__x86.get_pc_thunk.bx
                0x0000000000001552        0x4
 .text.__x86.get_pc_thunk.bx
                0x0000000000001552        0x4 main.o
                0x0000000000001552                __x86.get_pc_thunk.bx

.iplt           0x0000000000001556        0x0
 .iplt          0x0000000000001556        0x0 main.o

.text.__x86.get_pc_thunk.si
                0x0000000000001556        0x4
 .text.__x86.get_pc_thunk.si
                0x0000000000001556        0x4 /home/cpq/cpq/20Fall/pok_homework/examples/test_priority/pr2/../../..//libpok/libpok.a(core.lo)
                0x0000000000001556                __x86.get_pc_thunk.si

.text.__x86.get_pc_thunk.bp
                0x000000000000155a        0x4
 .text.__x86.get_pc_thunk.bp
                0x000000000000155a        0x4 /home/cpq/cpq/20Fall/pok_homework/examples/test_priority/pr2/../../..//libpok/libpok.a(core.lo)
                0x000000000000155a                __x86.get_pc_thunk.bp

.text.__x86.get_pc_thunk.ax
                0x000000000000155e        0x4
 .text.__x86.get_pc_thunk.ax
                0x000000000000155e        0x4 /home/cpq/cpq/20Fall/pok_homework/examples/test_priority/pr2/../../..//libpok/libpok.a(libc.lo)
                0x000000000000155e                __x86.get_pc_thunk.ax

.text.__x86.get_pc_thunk.di
                0x0000000000001562        0x4
 .text.__x86.get_pc_thunk.di
                0x0000000000001562        0x4 /home/cpq/cpq/20Fall/pok_homework/examples/test_priority/pr2/../../..//libpok/libpok.a(libc.lo)
                0x0000000000001562                __x86.get_pc_thunk.di

.rodata         0x0000000000001568       0x11
 *(.rodata)
 .rodata        0x0000000000001568       0x11 /home/cpq/cpq/20Fall/pok_homework/examples/test_priority/pr2/../../..//libpok/libpok.a(libc.lo)

.rodata.str1.4  0x000000000000157c      0x307
 .rodata.str1.4
                0x000000000000157c       0x93 main.o
 *fill*         0x000000000000160f        0x1 
 .rodata.str1.4
                0x0000000000001610       0x46 activity.o
 *fill*         0x0000000000001656        0x2 
 .rodata.str1.4
                0x0000000000001658      0x22b /home/cpq/cpq/20Fall/pok_homework/examples/test_priority/pr2/../../..//libpok/libpok.a(core.lo)

.eh_frame       0x0000000000001884      0xa1c
 .eh_frame      0x0000000000001884       0x68 main.o
 .eh_frame      0x00000000000018ec       0xb4 activity.o
                                         0xe0 (松开之前的大小)
 .eh_frame      0x00000000000019a0       0x30 /home/cpq/cpq/20Fall/pok_homework/examples/test_priority/pr2/../../..//libpok/libpok.a(arch.lo)
                                         0x60 (松开之前的大小)
 .eh_frame      0x00000000000019d0      0x410 /home/cpq/cpq/20Fall/pok_homework/examples/test_priority/pr2/../../..//libpok/libpok.a(core.lo)
                                        0x58c (松开之前的大小)
 .eh_frame      0x0000000000001de0      0x4c0 /home/cpq/cpq/20Fall/pok_homework/examples/test_priority/pr2/../../..//libpok/libpok.a(libc.lo)
                                        0x668 (松开之前的大小)

.rodata.str1.1  0x00000000000022a0       0x7c
 .rodata.str1.1
                0x00000000000022a0       0x7c activity.o

.note.gnu.property
                0x000000000000231c       0x1c
 .note.gnu.property
                0x000000000000231c       0x1c main.o

.rel.dyn        0x0000000000002338        0x0
 .rel.got       0x0000000000002338        0x0 main.o
 .rel.iplt      0x0000000000002338        0x0 main.o
 .rel.text      0x0000000000002338        0x0 main.o

.data           0x0000000000002340     0x8590
 *(.data)
 .data          0x0000000000002340        0x0 main.o
 .data          0x0000000000002340        0x0 activity.o
 .data          0x0000000000002340        0x0 /home/cpq/cpq/20Fall/pok_homework/examples/test_priority/pr2/../../..//libpok/libpok.a(arch.lo)
 .data          0x0000000000002340        0x0 /home/cpq/cpq/20Fall/pok_homework/examples/test_priority/pr2/../../..//libpok/libpok.a(core.lo)
 .data          0x0000000000002340        0x4 /home/cpq/cpq/20Fall/pok_homework/examples/test_priority/pr2/../../..//libpok/libpok.a(libc.lo)
 *(.bss)
 .bss           0x0000000000002344        0x0 main.o
 .bss           0x0000000000002344        0x0 activity.o
 .bss           0x0000000000002344        0x0 /home/cpq/cpq/20Fall/pok_homework/examples/test_priority/pr2/../../..//libpok/libpok.a(arch.lo)
 .bss           0x0000000000002344        0x8 /home/cpq/cpq/20Fall/pok_homework/examples/test_priority/pr2/../../..//libpok/libpok.a(core.lo)
                0x0000000000002344                pok_allocator_initialized
                0x0000000000002348                pok_allocator_used_spaces
 *fill*         0x000000000000234c       0x14 
 .bss           0x0000000000002360       0x84 /home/cpq/cpq/20Fall/pok_homework/examples/test_priority/pr2/../../..//libpok/libpok.a(libc.lo)
 *(COMMON)
 COMMON         0x00000000000023e4        0x2 main.o
                0x00000000000023e4                sid
 *fill*         0x00000000000023e6       0x1a 
 COMMON         0x0000000000002400     0x84d0 /home/cpq/cpq/20Fall/pok_homework/examples/test_priority/pr2/../../..//libpok/libpok.a(core.lo)
                0x0000000000002400                pok_allocator_memspace
                0x000000000000a400                errno
                0x000000000000a420                pok_allocator_spaces
                0x000000000000a8d0                __partition_end = .
LOAD main.o
LOAD activity.o
LOAD /home/cpq/cpq/20Fall/pok_homework/examples/test_priority/pr2/../../..//libpok/libpok.a
LOAD /home/cpq/cpq/20Fall/pok_homework/examples/test_priority/pr2/../../..//libpok//libpok.a
OUTPUT(pr2.elf elf32-i386)

.got            0x000000000000a8d0        0x0
 .got           0x000000000000a8d0        0x0 main.o

.got.plt        0x000000000000a8d0        0xc
 .got.plt       0x000000000000a8d0        0xc main.o
                0x000000000000a8d0                _GLOBAL_OFFSET_TABLE_

.igot.plt       0x000000000000a8dc        0x0
 .igot.plt      0x000000000000a8dc        0x0 main.o

.data.rel.ro.local
                0x000000000000a8e0       0x6c
 .data.rel.ro.local
                0x000000000000a8e0       0x6c /home/cpq/cpq/20Fall/pok_homework/examples/test_priority/pr2/../../..//libpok/libpok.a(libc.lo)

.debug_info     0x0000000000000000     0x4f3b
 .debug_info    0x0000000000000000      0x397 main.o
 .debug_info    0x0000000000000397      0x29d activity.o
 .debug_info    0x0000000000000634      0x354 /home/cpq/cpq/20Fall/pok_homework/examples/test_priority/pr2/../../..//libpok/libpok.a(arch.lo)
 .debug_info    0x0000000000000988     0x2dd6 /home/cpq/cpq/20Fall/pok_homework/examples/test_priority/pr2/../../..//libpok/libpok.a(core.lo)
 .debug_info    0x000000000000375e     0x17dd /home/cpq/cpq/20Fall/pok_homework/examples/test_priority/pr2/../../..//libpok/libpok.a(libc.lo)

.debug_abbrev   0x0000000000000000     0x1dee
 .debug_abbrev  0x0000000000000000      0x135 main.o
 .debug_abbrev  0x0000000000000135       0xd9 activity.o
 .debug_abbrev  0x000000000000020e      0x135 /home/cpq/cpq/20Fall/pok_homework/examples/test_priority/pr2/../../..//libpok/libpok.a(arch.lo)
 .debug_abbrev  0x0000000000000343      0xe2a /home/cpq/cpq/20Fall/pok_homework/examples/test_priority/pr2/../../..//libpok/libpok.a(core.lo)
 .debug_abbrev  0x000000000000116d      0xc81 /home/cpq/cpq/20Fall/pok_homework/examples/test_priority/pr2/../../..//libpok/libpok.a(libc.lo)

.debug_loc      0x0000000000000000     0x13b2
 .debug_loc     0x0000000000000000       0xac main.o
 .debug_loc     0x00000000000000ac       0x62 activity.o
 .debug_loc     0x000000000000010e       0x41 /home/cpq/cpq/20Fall/pok_homework/examples/test_priority/pr2/../../..//libpok/libpok.a(arch.lo)
 .debug_loc     0x000000000000014f      0x10f /home/cpq/cpq/20Fall/pok_homework/examples/test_priority/pr2/../../..//libpok/libpok.a(core.lo)
 .debug_loc     0x000000000000025e     0x1154 /home/cpq/cpq/20Fall/pok_homework/examples/test_priority/pr2/../../..//libpok/libpok.a(libc.lo)

.debug_aranges  0x0000000000000000      0x490
 .debug_aranges
                0x0000000000000000       0x20 main.o
 .debug_aranges
                0x0000000000000020       0x20 activity.o
 .debug_aranges
                0x0000000000000040       0x40 /home/cpq/cpq/20Fall/pok_homework/examples/test_priority/pr2/../../..//libpok/libpok.a(arch.lo)
 .debug_aranges
                0x0000000000000080      0x1f8 /home/cpq/cpq/20Fall/pok_homework/examples/test_priority/pr2/../../..//libpok/libpok.a(core.lo)
 .debug_aranges
                0x0000000000000278      0x218 /home/cpq/cpq/20Fall/pok_homework/examples/test_priority/pr2/../../..//libpok/libpok.a(libc.lo)

.debug_line     0x0000000000000000     0x259a
 .debug_line    0x0000000000000000      0x211 main.o
 .debug_line    0x0000000000000211      0x2bf activity.o
 .debug_line    0x00000000000004d0      0x114 /home/cpq/cpq/20Fall/pok_homework/examples/test_priority/pr2/../../..//libpok/libpok.a(arch.lo)
 .debug_line    0x00000000000005e4      0xf55 /home/cpq/cpq/20Fall/pok_homework/examples/test_priority/pr2/../../..//libpok/libpok.a(core.lo)
 .debug_line    0x0000000000001539     0x1061 /home/cpq/cpq/20Fall/pok_homework/examples/test_priority/pr2/../../..//libpok/libpok.a(libc.lo)

.debug_str      0x0000000000000000     0x1401
 .debug_str     0x0000000000000000      0x6a9 main.o
                                        0x6e8 (松开之前的大小)
 .debug_str     0x00000000000006a9      0x2d0 activity.o
                                        0x448 (松开之前的大小)
 .debug_str     0x0000000000000979       0x87 /home/cpq/cpq/20Fall/pok_homework/examples/test_priority/pr2/../../..//libpok/libpok.a(arch.lo)
                                        0x9b9 (松开之前的大小)
 .debug_str     0x0000000000000a00      0x6af /home/cpq/cpq/20Fall/pok_homework/examples/test_priority/pr2/../../..//libpok/libpok.a(core.lo)
                                       0x7e25 (松开之前的大小)
 .debug_str     0x00000000000010af      0x352 /home/cpq/cpq/20Fall/pok_homework/examples/test_priority/pr2/../../..//libpok/libpok.a(libc.lo)
                                       0x1c43 (松开之前的大小)

.comment        0x0000000000000000       0x2a
 .comment       0x0000000000000000       0x2a main.o
                                         0x2b (松开之前的大小)
 .comment       0x000000000000002a       0x2b activity.o
 .comment       0x000000000000002a       0xac /home/cpq/cpq/20Fall/pok_homework/examples/test_priority/pr2/../../..//libpok/libpok.a(arch.lo)
 .comment       0x000000000000002a      0x60c /home/cpq/cpq/20Fall/pok_homework/examples/test_priority/pr2/../../..//libpok/libpok.a(core.lo)
 .comment       0x000000000000002a      0x2db /home/cpq/cpq/20Fall/pok_homework/examples/test_priority/pr2/../../..//libpok/libpok.a(libc.lo)

.note.GNU-stack
                0x0000000000000000        0x0
 .note.GNU-stack
                0x0000000000000000        0x0 main.o
 .note.GNU-stack
                0x0000000000000000        0x0 activity.o
 .note.GNU-stack
                0x0000000000000000        0x0 /home/cpq/cpq/20Fall/pok_homework/examples/test_priority/pr2/../../..//libpok/libpok.a(arch.lo)
 .note.GNU-stack
                0x0000000000000000        0x0 /home/cpq/cpq/20Fall/pok_homework/examples/test_priority/pr2/../../..//libpok/libpok.a(core.lo)
 .note.GNU-stack
                0x0000000000000000        0x0 /home/cpq/cpq/20Fall/pok_homework/examples/test_priority/pr2/../../..//libpok/libpok.a(libc.lo)

.debug_ranges   0x0000000000000000       0x60
 .debug_ranges  0x0000000000000000       0x60 /home/cpq/cpq/20Fall/pok_homework/examples/test_priority/pr2/../../..//libpok/libpok.a(libc.lo)
