由于文件 (符号) 而包含了归档成员

/home/leizhanyao/develop/pok_homework/pok_homework/examples/semaphores/pr2/../../..//libpok/libpok.a(arch.lo)
                              main.o (pok_do_syscall)
/home/leizhanyao/develop/pok_homework/pok_homework/examples/semaphores/pr2/../../..//libpok/libpok.a(core.lo)
                              main.o (pok_thread_create)
/home/leizhanyao/develop/pok_homework/pok_homework/examples/semaphores/pr2/../../..//libpok/libpok.a(libc.lo)
                              main.o (printf)

分配公共符号
公共符号            大小              文件

pok_allocator_memspace
                    0x8000            /home/leizhanyao/develop/pok_homework/pok_homework/examples/semaphores/pr2/../../..//libpok/libpok.a(core.lo)
errno               0x4               /home/leizhanyao/develop/pok_homework/pok_homework/examples/semaphores/pr2/../../..//libpok/libpok.a(core.lo)
pok_allocator_spaces
                    0x4b0             /home/leizhanyao/develop/pok_homework/pok_homework/examples/semaphores/pr2/../../..//libpok/libpok.a(core.lo)

内存配置

名称           来源             长度             属性
*default*        0x0000000000000000 0xffffffffffffffff

链结器命令稿和内存映射

                0x0000000000000000                . = 0x0
                0x0000000000000000                __partition_begin = .

.text           0x0000000000000000     0x1179
 *(.text)
 .text          0x0000000000000000       0xbc main.o
                0x0000000000000000                main
 .text          0x00000000000000bc       0x24 activity.o
                0x00000000000000bc                pinger_job
 .text          0x00000000000000e0       0x14 /home/leizhanyao/develop/pok_homework/pok_homework/examples/semaphores/pr2/../../..//libpok/libpok.a(arch.lo)
                0x00000000000000e0                pok_arch_idle
                0x00000000000000e3                pok_do_syscall
 .text          0x00000000000000f4      0x7f8 /home/leizhanyao/develop/pok_homework/pok_homework/examples/semaphores/pr2/../../..//libpok/libpok.a(core.lo)
                0x00000000000000f4                pok_allocator_print_spaces
                0x000000000000014c                pok_allocator_allocate
                0x0000000000000327                pok_allocator_delete_space
                0x0000000000000375                pok_allocator_merge_space
                0x000000000000043b                pok_allocator_free
                0x000000000000052b                pok_time_gettick
                0x000000000000056e                pok_time_get
                0x000000000000057e                __pok_partition_start
                0x000000000000058f                pok_sem_create
                0x0000000000000603                pok_sem_signal
                0x000000000000065d                pok_sem_status
                0x0000000000000663                pok_sem_wait
                0x00000000000006cd                pok_thread_create
                0x0000000000000710                pok_thread_attr_init
                0x000000000000075a                pok_thread_period
                0x000000000000079d                pok_thread_sleep
                0x00000000000007e0                pok_thread_status
                0x0000000000000823                pok_thread_delayed_start
                0x0000000000000866                pok_thread_set_priority
                0x00000000000008a9                pok_thread_resume
 .text          0x00000000000008ec      0x88d /home/leizhanyao/develop/pok_homework/pok_homework/examples/semaphores/pr2/../../..//libpok/libpok.a(libc.lo)
                0x0000000000000ba0                vprintf
                0x0000000000000cfd                printf
                0x0000000000000d15                itoa
                0x0000000000000db2                atoi
                0x0000000000000df7                memcpy
                0x0000000000000e1f                memset
                0x0000000000000e41                memcmp
                0x0000000000000e90                strcmp
                0x0000000000000ed2                strncmp
                0x0000000000000f2e                strcpy
                0x0000000000000f5e                strncpy
                0x0000000000000f98                streq
                0x0000000000001030                strlen
                0x000000000000104f                __udivdi3
                0x00000000000010f7                __umoddi3
                0x0000000000001113                rand
                0x0000000000001143                free
                0x0000000000001153                malloc
                0x0000000000001163                calloc

.iplt           0x0000000000001180        0x0
 .iplt          0x0000000000001180        0x0 main.o

.rodata         0x0000000000001180       0x7d
 *(.rodata)
 .rodata        0x0000000000001180       0x7d /home/leizhanyao/develop/pok_homework/pok_homework/examples/semaphores/pr2/../../..//libpok/libpok.a(libc.lo)

.rodata.str1.4  0x0000000000001200      0x24c
 .rodata.str1.4
                0x0000000000001200       0x1f main.o
 *fill*         0x000000000000121f        0x1 
 .rodata.str1.4
                0x0000000000001220      0x22c /home/leizhanyao/develop/pok_homework/pok_homework/examples/semaphores/pr2/../../..//libpok/libpok.a(core.lo)
                                        0x22b (松开之前的大小)

.eh_frame       0x000000000000144c      0x840
 .eh_frame      0x000000000000144c       0x44 main.o
 .eh_frame      0x0000000000001490       0x28 activity.o
                                         0x40 (松开之前的大小)
 .eh_frame      0x00000000000014b8       0x30 /home/leizhanyao/develop/pok_homework/pok_homework/examples/semaphores/pr2/../../..//libpok/libpok.a(arch.lo)
                                         0x60 (松开之前的大小)
 .eh_frame      0x00000000000014e8      0x350 /home/leizhanyao/develop/pok_homework/pok_homework/examples/semaphores/pr2/../../..//libpok/libpok.a(core.lo)
                                        0x4b8 (松开之前的大小)
 .eh_frame      0x0000000000001838      0x454 /home/leizhanyao/develop/pok_homework/pok_homework/examples/semaphores/pr2/../../..//libpok/libpok.a(libc.lo)
                                        0x5d4 (松开之前的大小)

.rodata.str1.1  0x0000000000001c8c       0x15
 .rodata.str1.1
                0x0000000000001c8c       0x15 activity.o

.rel.dyn        0x0000000000001ca4        0x0
 .rel.iplt      0x0000000000001ca4        0x0 main.o
 .rel.text      0x0000000000001ca4        0x0 main.o

.data           0x0000000000001cc0     0x8590
 *(.data)
 .data          0x0000000000001cc0        0x0 main.o
 .data          0x0000000000001cc0        0x0 activity.o
 .data          0x0000000000001cc0        0x0 /home/leizhanyao/develop/pok_homework/pok_homework/examples/semaphores/pr2/../../..//libpok/libpok.a(arch.lo)
 .data          0x0000000000001cc0        0x0 /home/leizhanyao/develop/pok_homework/pok_homework/examples/semaphores/pr2/../../..//libpok/libpok.a(core.lo)
 .data          0x0000000000001cc0        0x4 /home/leizhanyao/develop/pok_homework/pok_homework/examples/semaphores/pr2/../../..//libpok/libpok.a(libc.lo)
 *(.bss)
 .bss           0x0000000000001cc4        0x0 main.o
 .bss           0x0000000000001cc4        0x0 activity.o
 .bss           0x0000000000001cc4        0x0 /home/leizhanyao/develop/pok_homework/pok_homework/examples/semaphores/pr2/../../..//libpok/libpok.a(arch.lo)
 .bss           0x0000000000001cc4        0x8 /home/leizhanyao/develop/pok_homework/pok_homework/examples/semaphores/pr2/../../..//libpok/libpok.a(core.lo)
                0x0000000000001cc4                pok_allocator_initialized
                0x0000000000001cc8                pok_allocator_used_spaces
 *fill*         0x0000000000001ccc       0x14 
 .bss           0x0000000000001ce0       0x84 /home/leizhanyao/develop/pok_homework/pok_homework/examples/semaphores/pr2/../../..//libpok/libpok.a(libc.lo)
 *(COMMON)
 *fill*         0x0000000000001d64       0x1c 
 COMMON         0x0000000000001d80     0x84d0 /home/leizhanyao/develop/pok_homework/pok_homework/examples/semaphores/pr2/../../..//libpok/libpok.a(core.lo)
                0x0000000000001d80                pok_allocator_memspace
                0x0000000000009d80                errno
                0x0000000000009da0                pok_allocator_spaces
                0x000000000000a250                __partition_end = .
LOAD main.o
LOAD activity.o
LOAD /home/leizhanyao/develop/pok_homework/pok_homework/examples/semaphores/pr2/../../..//libpok/libpok.a
LOAD /home/leizhanyao/develop/pok_homework/pok_homework/examples/semaphores/pr2/../../..//libpok//libpok.a
OUTPUT(pr2.elf elf32-i386)

.igot.plt       0x000000000000a250        0x0
 .igot.plt      0x000000000000a250        0x0 main.o

.debug_info     0x0000000000000000     0x486b
 .debug_info    0x0000000000000000      0x2fe main.o
 .debug_info    0x00000000000002fe       0xa9 activity.o
 .debug_info    0x00000000000003a7      0x322 /home/leizhanyao/develop/pok_homework/pok_homework/examples/semaphores/pr2/../../..//libpok/libpok.a(arch.lo)
 .debug_info    0x00000000000006c9     0x2bcb /home/leizhanyao/develop/pok_homework/pok_homework/examples/semaphores/pr2/../../..//libpok/libpok.a(core.lo)
 .debug_info    0x0000000000003294     0x15d7 /home/leizhanyao/develop/pok_homework/pok_homework/examples/semaphores/pr2/../../..//libpok/libpok.a(libc.lo)

.debug_abbrev   0x0000000000000000     0x1964
 .debug_abbrev  0x0000000000000000       0xf6 main.o
 .debug_abbrev  0x00000000000000f6       0x6a activity.o
 .debug_abbrev  0x0000000000000160      0x10b /home/leizhanyao/develop/pok_homework/pok_homework/examples/semaphores/pr2/../../..//libpok/libpok.a(arch.lo)
 .debug_abbrev  0x000000000000026b      0xc0e /home/leizhanyao/develop/pok_homework/pok_homework/examples/semaphores/pr2/../../..//libpok/libpok.a(core.lo)
 .debug_abbrev  0x0000000000000e79      0xaeb /home/leizhanyao/develop/pok_homework/pok_homework/examples/semaphores/pr2/../../..//libpok/libpok.a(libc.lo)

.debug_loc      0x0000000000000000      0xfbe
 .debug_loc     0x0000000000000000       0x13 main.o
 .debug_loc     0x0000000000000013      0x106 /home/leizhanyao/develop/pok_homework/pok_homework/examples/semaphores/pr2/../../..//libpok/libpok.a(core.lo)
 .debug_loc     0x0000000000000119      0xea5 /home/leizhanyao/develop/pok_homework/pok_homework/examples/semaphores/pr2/../../..//libpok/libpok.a(libc.lo)

.debug_aranges  0x0000000000000000      0x490
 .debug_aranges
                0x0000000000000000       0x20 main.o
 .debug_aranges
                0x0000000000000020       0x20 activity.o
 .debug_aranges
                0x0000000000000040       0x40 /home/leizhanyao/develop/pok_homework/pok_homework/examples/semaphores/pr2/../../..//libpok/libpok.a(arch.lo)
 .debug_aranges
                0x0000000000000080      0x1f8 /home/leizhanyao/develop/pok_homework/pok_homework/examples/semaphores/pr2/../../..//libpok/libpok.a(core.lo)
 .debug_aranges
                0x0000000000000278      0x218 /home/leizhanyao/develop/pok_homework/pok_homework/examples/semaphores/pr2/../../..//libpok/libpok.a(libc.lo)

.debug_line     0x0000000000000000     0x1844
 .debug_line    0x0000000000000000      0x14c main.o
 .debug_line    0x000000000000014c      0x12d activity.o
 .debug_line    0x0000000000000279       0xf4 /home/leizhanyao/develop/pok_homework/pok_homework/examples/semaphores/pr2/../../..//libpok/libpok.a(arch.lo)
 .debug_line    0x000000000000036d      0xb76 /home/leizhanyao/develop/pok_homework/pok_homework/examples/semaphores/pr2/../../..//libpok/libpok.a(core.lo)
 .debug_line    0x0000000000000ee3      0x961 /home/leizhanyao/develop/pok_homework/pok_homework/examples/semaphores/pr2/../../..//libpok/libpok.a(libc.lo)

.debug_str      0x0000000000000000     0x1426
 .debug_str     0x0000000000000000      0x662 main.o
                                        0x6a1 (松开之前的大小)
 .debug_str     0x0000000000000662       0x27 activity.o
                                        0x159 (松开之前的大小)
 .debug_str     0x0000000000000689      0x30d /home/leizhanyao/develop/pok_homework/pok_homework/examples/semaphores/pr2/../../..//libpok/libpok.a(arch.lo)
                                        0x903 (松开之前的大小)
 .debug_str     0x0000000000000996      0x6fa /home/leizhanyao/develop/pok_homework/pok_homework/examples/semaphores/pr2/../../..//libpok/libpok.a(core.lo)
                                       0x77ad (松开之前的大小)
 .debug_str     0x0000000000001090      0x396 /home/leizhanyao/develop/pok_homework/pok_homework/examples/semaphores/pr2/../../..//libpok/libpok.a(libc.lo)
                                       0x1954 (松开之前的大小)

.comment        0x0000000000000000       0x35
 .comment       0x0000000000000000       0x35 main.o
                                         0x36 (松开之前的大小)
 .comment       0x0000000000000035       0x36 activity.o
 .comment       0x0000000000000035       0xd8 /home/leizhanyao/develop/pok_homework/pok_homework/examples/semaphores/pr2/../../..//libpok/libpok.a(arch.lo)
 .comment       0x0000000000000035      0x798 /home/leizhanyao/develop/pok_homework/pok_homework/examples/semaphores/pr2/../../..//libpok/libpok.a(core.lo)
 .comment       0x0000000000000035      0x396 /home/leizhanyao/develop/pok_homework/pok_homework/examples/semaphores/pr2/../../..//libpok/libpok.a(libc.lo)

.note.GNU-stack
                0x0000000000000000        0x0
 .note.GNU-stack
                0x0000000000000000        0x0 main.o
 .note.GNU-stack
                0x0000000000000000        0x0 activity.o
 .note.GNU-stack
                0x0000000000000000        0x0 /home/leizhanyao/develop/pok_homework/pok_homework/examples/semaphores/pr2/../../..//libpok/libpok.a(arch.lo)
 .note.GNU-stack
                0x0000000000000000        0x0 /home/leizhanyao/develop/pok_homework/pok_homework/examples/semaphores/pr2/../../..//libpok/libpok.a(core.lo)
 .note.GNU-stack
                0x0000000000000000        0x0 /home/leizhanyao/develop/pok_homework/pok_homework/examples/semaphores/pr2/../../..//libpok/libpok.a(libc.lo)

.debug_ranges   0x0000000000000000       0x30
 .debug_ranges  0x0000000000000000       0x30 /home/leizhanyao/develop/pok_homework/pok_homework/examples/semaphores/pr2/../../..//libpok/libpok.a(libc.lo)
